ERROR: ../../shared/memory/weight_mem.v:53: $readmemh: Unable to open weights.mem for reading.
ERROR: ../../shared/memory/bias_mem.v:51: $readmemh: Unable to open biases.mem for reading.
VCD info: dumpfile postnet_stack_tb.vcd opened for output.
ERROR: ../../shared/memory/weight_mem.v:53: $readmemh: Unable to open weights.mem for reading.
ERROR: ../../shared/memory/bias_mem.v:51: $readmemh: Unable to open biases.mem for reading.
========================================
PostNet Stack Testbench Started
========================================

[TEST 1] Layer 0 - Impulse Response
[T=325000] Output[0] = xxxx (0.000000)
[T=505000] Output[1] = xxxx (0.000000)
[T=685000] Output[2] = xxxx (0.000000)
[T=865000] Output[3] = xxxx (0.000000)
[T=1045000] Output[4] = xxxx (0.000000)
[T=1225000] Output[5] = xxxx (0.000000)
[T=1405000] Output[6] = xxxx (0.000000)
[T=1585000] Output[7] = xxxx (0.000000)
[T=1765000] Output[8] = xxxx (0.000000)
[T=1945000] Output[9] = xxxx (0.000000)
[T=2125000] Output[10] = xxxx (0.000000)
[T=2305000] Output[11] = xxxx (0.000000)
[T=2485000] Output[12] = xxxx (0.000000)
[T=2665000] Output[13] = xxxx (0.000000)
[T=2845000] Output[14] = xxxx (0.000000)
[T=3025000] Output[15] = xxxx (0.000000)
[T=3205000] Output[16] = xxxx (0.000000)
[T=3385000] Output[17] = xxxx (0.000000)
[T=3565000] Output[18] = xxxx (0.000000)
[T=3745000] Output[19] = xxxx (0.000000)
[T=3925000] Output[20] = xxxx (0.000000)
[T=4105000] Output[21] = xxxx (0.000000)
[T=4285000] Output[22] = xxxx (0.000000)
[T=4465000] Output[23] = xxxx (0.000000)
[T=4645000] Output[24] = xxxx (0.000000)
[T=4825000] Output[25] = xxxx (0.000000)
[T=5005000] Output[26] = xxxx (0.000000)
[T=5185000] Output[27] = xxxx (0.000000)
[T=5365000] Output[28] = xxxx (0.000000)
[T=5545000] Output[29] = xxxx (0.000000)
[T=5725000] Output[30] = xxxx (0.000000)
[T=5905000] Output[31] = xxxx (0.000000)
[T=6085000] Output[32] = xxxx (0.000000)
[T=6265000] Output[33] = xxxx (0.000000)
[T=6445000] Output[34] = xxxx (0.000000)
[T=6625000] Output[35] = xxxx (0.000000)
[T=6805000] Output[36] = xxxx (0.000000)
[T=6985000] Output[37] = xxxx (0.000000)
[T=7165000] Output[38] = xxxx (0.000000)
[T=7345000] Output[39] = xxxx (0.000000)
[T=7525000] Output[40] = xxxx (0.000000)
[T=7705000] Output[41] = xxxx (0.000000)
[T=7885000] Output[42] = xxxx (0.000000)
[T=8065000] Output[43] = xxxx (0.000000)
[T=8245000] Output[44] = xxxx (0.000000)
[T=8425000] Output[45] = xxxx (0.000000)
[T=8605000] Output[46] = xxxx (0.000000)
[T=8785000] Output[47] = xxxx (0.000000)
[T=8965000] Output[48] = xxxx (0.000000)
[T=9145000] Output[49] = xxxx (0.000000)
[T=9325000] Output[50] = xxxx (0.000000)
[T=9505000] Output[51] = xxxx (0.000000)
[T=9685000] Output[52] = xxxx (0.000000)
[T=9865000] Output[53] = xxxx (0.000000)
[T=10045000] Output[54] = xxxx (0.000000)
[T=10225000] Output[55] = xxxx (0.000000)
[T=10405000] Output[56] = xxxx (0.000000)
[T=10585000] Output[57] = xxxx (0.000000)
[T=10765000] Output[58] = xxxx (0.000000)
[T=10945000] Output[59] = xxxx (0.000000)
[T=11125000] Output[60] = xxxx (0.000000)
[T=11305000] Output[61] = xxxx (0.000000)
[T=11485000] Output[62] = xxxx (0.000000)
[T=11665000] Output[63] = xxxx (0.000000)
[T=11845000] Output[64] = xxxx (0.000000)
[T=12025000] Output[65] = xxxx (0.000000)
[T=12205000] Output[66] = xxxx (0.000000)
[T=12385000] Output[67] = xxxx (0.000000)
[T=12565000] Output[68] = xxxx (0.000000)
[T=12745000] Output[69] = xxxx (0.000000)
[T=12925000] Output[70] = xxxx (0.000000)
[T=13105000] Output[71] = xxxx (0.000000)
[T=13285000] Output[72] = xxxx (0.000000)
[T=13465000] Output[73] = xxxx (0.000000)
[T=13645000] Output[74] = xxxx (0.000000)
[T=13825000] Output[75] = xxxx (0.000000)
[T=14005000] Output[76] = xxxx (0.000000)
[T=14185000] Output[77] = xxxx (0.000000)
[T=14365000] Output[78] = xxxx (0.000000)
[T=14545000] Output[79] = xxxx (0.000000)
[T=14725000] Output[80] = xxxx (0.000000)
[T=14905000] Output[81] = xxxx (0.000000)
[T=15085000] Output[82] = xxxx (0.000000)
[T=15265000] Output[83] = xxxx (0.000000)
[T=15445000] Output[84] = xxxx (0.000000)
[T=15625000] Output[85] = xxxx (0.000000)
[T=15805000] Output[86] = xxxx (0.000000)
[T=15985000] Output[87] = xxxx (0.000000)
[T=16165000] Output[88] = xxxx (0.000000)
[T=16345000] Output[89] = xxxx (0.000000)
[T=16525000] Output[90] = xxxx (0.000000)
[T=16705000] Output[91] = xxxx (0.000000)
[T=16885000] Output[92] = xxxx (0.000000)
[T=17065000] Output[93] = xxxx (0.000000)
[T=17245000] Output[94] = xxxx (0.000000)
[T=17425000] Output[95] = xxxx (0.000000)
[T=17605000] Output[96] = xxxx (0.000000)
[T=17785000] Output[97] = xxxx (0.000000)
[T=17965000] Output[98] = xxxx (0.000000)
[T=18145000] Output[99] = xxxx (0.000000)
[T=18325000] Output[100] = xxxx (0.000000)
[T=18505000] Output[101] = xxxx (0.000000)
[T=18685000] Output[102] = xxxx (0.000000)
[T=18865000] Output[103] = xxxx (0.000000)
[T=19045000] Output[104] = xxxx (0.000000)
[T=19225000] Output[105] = xxxx (0.000000)
[T=19405000] Output[106] = xxxx (0.000000)
[T=19585000] Output[107] = xxxx (0.000000)
[T=19765000] Output[108] = xxxx (0.000000)
[T=19945000] Output[109] = xxxx (0.000000)
[T=20125000] Output[110] = xxxx (0.000000)
[T=20305000] Output[111] = xxxx (0.000000)
[T=20485000] Output[112] = xxxx (0.000000)
[T=20665000] Output[113] = xxxx (0.000000)
[T=20845000] Output[114] = xxxx (0.000000)
[T=21025000] Output[115] = xxxx (0.000000)
[T=21205000] Output[116] = xxxx (0.000000)
[T=21385000] Output[117] = xxxx (0.000000)
[T=21565000] Output[118] = xxxx (0.000000)
[T=21745000] Output[119] = xxxx (0.000000)
[T=21925000] Output[120] = xxxx (0.000000)
[T=22105000] Output[121] = xxxx (0.000000)
[T=22285000] Output[122] = xxxx (0.000000)
[T=22465000] Output[123] = xxxx (0.000000)
[T=22645000] Output[124] = xxxx (0.000000)
[T=22825000] Output[125] = xxxx (0.000000)
[T=23005000] Output[126] = xxxx (0.000000)
[T=23185000] Output[127] = xxxx (0.000000)
[T=23365000] Output[128] = xxxx (0.000000)
[T=23545000] Output[129] = xxxx (0.000000)
[T=23725000] Output[130] = xxxx (0.000000)
[T=23905000] Output[131] = xxxx (0.000000)
[T=24085000] Output[132] = xxxx (0.000000)
[T=24265000] Output[133] = xxxx (0.000000)
[T=24445000] Output[134] = xxxx (0.000000)
[T=24625000] Output[135] = xxxx (0.000000)
[T=24805000] Output[136] = xxxx (0.000000)
[T=24985000] Output[137] = xxxx (0.000000)
[T=25165000] Output[138] = xxxx (0.000000)
[T=25345000] Output[139] = xxxx (0.000000)
[T=25525000] Output[140] = xxxx (0.000000)
[T=25705000] Output[141] = xxxx (0.000000)
[T=25885000] Output[142] = xxxx (0.000000)
[T=26065000] Output[143] = xxxx (0.000000)
[T=26245000] Output[144] = xxxx (0.000000)
[T=26425000] Output[145] = xxxx (0.000000)
[T=26605000] Output[146] = xxxx (0.000000)
[T=26785000] Output[147] = xxxx (0.000000)
[T=26965000] Output[148] = xxxx (0.000000)
[T=27145000] Output[149] = xxxx (0.000000)
[T=27325000] Output[150] = xxxx (0.000000)
[T=27505000] Output[151] = xxxx (0.000000)
[T=27685000] Output[152] = xxxx (0.000000)
[T=27865000] Output[153] = xxxx (0.000000)
[T=28045000] Output[154] = xxxx (0.000000)
[T=28225000] Output[155] = xxxx (0.000000)
[T=28405000] Output[156] = xxxx (0.000000)
[T=28585000] Output[157] = xxxx (0.000000)
[T=28765000] Output[158] = xxxx (0.000000)
[T=28945000] Output[159] = xxxx (0.000000)
[T=29125000] Output[160] = xxxx (0.000000)
[T=29305000] Output[161] = xxxx (0.000000)
[T=29485000] Output[162] = xxxx (0.000000)
[T=29665000] Output[163] = xxxx (0.000000)
[T=29845000] Output[164] = xxxx (0.000000)
[T=30025000] Output[165] = xxxx (0.000000)
[T=30205000] Output[166] = xxxx (0.000000)
[T=30385000] Output[167] = xxxx (0.000000)
[T=30565000] Output[168] = xxxx (0.000000)
[T=30745000] Output[169] = xxxx (0.000000)
[T=30925000] Output[170] = xxxx (0.000000)
[T=31105000] Output[171] = xxxx (0.000000)
[T=31285000] Output[172] = xxxx (0.000000)
[T=31465000] Output[173] = xxxx (0.000000)
[T=31645000] Output[174] = xxxx (0.000000)
[T=31825000] Output[175] = xxxx (0.000000)
[T=32005000] Output[176] = xxxx (0.000000)
[T=32185000] Output[177] = xxxx (0.000000)
[T=32365000] Output[178] = xxxx (0.000000)
[T=32545000] Output[179] = xxxx (0.000000)
[T=32725000] Output[180] = xxxx (0.000000)
[T=32905000] Output[181] = xxxx (0.000000)
[T=33085000] Output[182] = xxxx (0.000000)
[T=33265000] Output[183] = xxxx (0.000000)
[T=33445000] Output[184] = xxxx (0.000000)
[T=33625000] Output[185] = xxxx (0.000000)
[T=33805000] Output[186] = xxxx (0.000000)
[T=33985000] Output[187] = xxxx (0.000000)
[T=34165000] Output[188] = xxxx (0.000000)
[T=34345000] Output[189] = xxxx (0.000000)
[T=34525000] Output[190] = xxxx (0.000000)
[T=34705000] Output[191] = xxxx (0.000000)
[T=34885000] Output[192] = xxxx (0.000000)
[T=35065000] Output[193] = xxxx (0.000000)
[T=35245000] Output[194] = xxxx (0.000000)
[T=35425000] Output[195] = xxxx (0.000000)
[T=35605000] Output[196] = xxxx (0.000000)
[T=35785000] Output[197] = xxxx (0.000000)
[T=35965000] Output[198] = xxxx (0.000000)
[T=36145000] Output[199] = xxxx (0.000000)
[T=36325000] Output[200] = xxxx (0.000000)
[T=36505000] Output[201] = xxxx (0.000000)
[T=36685000] Output[202] = xxxx (0.000000)
[T=36865000] Output[203] = xxxx (0.000000)
[T=37045000] Output[204] = xxxx (0.000000)
[T=37225000] Output[205] = xxxx (0.000000)
[T=37405000] Output[206] = xxxx (0.000000)
[T=37585000] Output[207] = xxxx (0.000000)
[T=37765000] Output[208] = xxxx (0.000000)
[T=37945000] Output[209] = xxxx (0.000000)
[T=38125000] Output[210] = xxxx (0.000000)
[T=38305000] Output[211] = xxxx (0.000000)
[T=38485000] Output[212] = xxxx (0.000000)
[T=38665000] Output[213] = xxxx (0.000000)
[T=38845000] Output[214] = xxxx (0.000000)
[T=39025000] Output[215] = xxxx (0.000000)
[T=39205000] Output[216] = xxxx (0.000000)
[T=39385000] Output[217] = xxxx (0.000000)
[T=39565000] Output[218] = xxxx (0.000000)
[T=39745000] Output[219] = xxxx (0.000000)
[T=39925000] Output[220] = xxxx (0.000000)
[T=40105000] Output[221] = xxxx (0.000000)
[T=40285000] Output[222] = xxxx (0.000000)
[T=40465000] Output[223] = xxxx (0.000000)
[T=40645000] Output[224] = xxxx (0.000000)
[T=40825000] Output[225] = xxxx (0.000000)
[T=41005000] Output[226] = xxxx (0.000000)
[T=41185000] Output[227] = xxxx (0.000000)
[T=41365000] Output[228] = xxxx (0.000000)
[T=41545000] Output[229] = xxxx (0.000000)
[T=41725000] Output[230] = xxxx (0.000000)
[T=41905000] Output[231] = xxxx (0.000000)
[T=42085000] Output[232] = xxxx (0.000000)
[T=42265000] Output[233] = xxxx (0.000000)
[T=42445000] Output[234] = xxxx (0.000000)
[T=42625000] Output[235] = xxxx (0.000000)
[T=42805000] Output[236] = xxxx (0.000000)
[T=42985000] Output[237] = xxxx (0.000000)
[T=43165000] Output[238] = xxxx (0.000000)
[T=43345000] Output[239] = xxxx (0.000000)
[T=43525000] Output[240] = xxxx (0.000000)
[T=43705000] Output[241] = xxxx (0.000000)
[T=43885000] Output[242] = xxxx (0.000000)
[T=44065000] Output[243] = xxxx (0.000000)
[T=44245000] Output[244] = xxxx (0.000000)
[T=44425000] Output[245] = xxxx (0.000000)
[T=44605000] Output[246] = xxxx (0.000000)
[T=44785000] Output[247] = xxxx (0.000000)
[T=44965000] Output[248] = xxxx (0.000000)
[T=45145000] Output[249] = xxxx (0.000000)
[T=45325000] Output[250] = xxxx (0.000000)
[T=45505000] Output[251] = xxxx (0.000000)
[T=45685000] Output[252] = xxxx (0.000000)
[T=45865000] Output[253] = xxxx (0.000000)
[T=46045000] Output[254] = xxxx (0.000000)
[T=46225000] Output[255] = xxxx (0.000000)
[TEST 1] Completed - 256 outputs received
[INFO] Processing completed at T=46235000

[TEST 2] Layer 1 - Sine Wave Input
[T=46585000] Output[0] = xxxx (0.000000)
[T=46765000] Output[1] = xxxx (0.000000)
[T=46945000] Output[2] = xxxx (0.000000)
[T=47125000] Output[3] = xxxx (0.000000)
[T=47305000] Output[4] = xxxx (0.000000)
[T=47485000] Output[5] = xxxx (0.000000)
[T=47665000] Output[6] = xxxx (0.000000)
[T=47845000] Output[7] = xxxx (0.000000)
[T=48025000] Output[8] = xxxx (0.000000)
[T=48205000] Output[9] = xxxx (0.000000)
[T=48385000] Output[10] = xxxx (0.000000)
[T=48565000] Output[11] = xxxx (0.000000)
[T=48745000] Output[12] = xxxx (0.000000)
[T=48925000] Output[13] = xxxx (0.000000)
[T=49105000] Output[14] = xxxx (0.000000)
[T=49285000] Output[15] = xxxx (0.000000)
[T=49465000] Output[16] = xxxx (0.000000)
[T=49645000] Output[17] = xxxx (0.000000)
[T=49825000] Output[18] = xxxx (0.000000)
[T=50005000] Output[19] = xxxx (0.000000)
[T=50185000] Output[20] = xxxx (0.000000)
[T=50365000] Output[21] = xxxx (0.000000)
[T=50545000] Output[22] = xxxx (0.000000)
[T=50725000] Output[23] = xxxx (0.000000)
[T=50905000] Output[24] = xxxx (0.000000)
[T=51085000] Output[25] = xxxx (0.000000)
[T=51265000] Output[26] = xxxx (0.000000)
[T=51445000] Output[27] = xxxx (0.000000)
[T=51625000] Output[28] = xxxx (0.000000)
[T=51805000] Output[29] = xxxx (0.000000)
[T=51985000] Output[30] = xxxx (0.000000)
[T=52165000] Output[31] = xxxx (0.000000)
[T=52345000] Output[32] = xxxx (0.000000)
[T=52525000] Output[33] = xxxx (0.000000)
[T=52705000] Output[34] = xxxx (0.000000)
[T=52885000] Output[35] = xxxx (0.000000)
[T=53065000] Output[36] = xxxx (0.000000)
[T=53245000] Output[37] = xxxx (0.000000)
[T=53425000] Output[38] = xxxx (0.000000)
[T=53605000] Output[39] = xxxx (0.000000)
[T=53785000] Output[40] = xxxx (0.000000)
[T=53965000] Output[41] = xxxx (0.000000)
[T=54145000] Output[42] = xxxx (0.000000)
[T=54325000] Output[43] = xxxx (0.000000)
[T=54505000] Output[44] = xxxx (0.000000)
[T=54685000] Output[45] = xxxx (0.000000)
[T=54865000] Output[46] = xxxx (0.000000)
[T=55045000] Output[47] = xxxx (0.000000)
[T=55225000] Output[48] = xxxx (0.000000)
[T=55405000] Output[49] = xxxx (0.000000)
[T=55585000] Output[50] = xxxx (0.000000)
[T=55765000] Output[51] = xxxx (0.000000)
[T=55945000] Output[52] = xxxx (0.000000)
[T=56125000] Output[53] = xxxx (0.000000)
[T=56305000] Output[54] = xxxx (0.000000)
[T=56485000] Output[55] = xxxx (0.000000)
[T=56665000] Output[56] = xxxx (0.000000)
[T=56845000] Output[57] = xxxx (0.000000)
[T=57025000] Output[58] = xxxx (0.000000)
[T=57205000] Output[59] = xxxx (0.000000)
[T=57385000] Output[60] = xxxx (0.000000)
[T=57565000] Output[61] = xxxx (0.000000)
[T=57745000] Output[62] = xxxx (0.000000)
[T=57925000] Output[63] = xxxx (0.000000)
[T=58105000] Output[64] = xxxx (0.000000)
[T=58285000] Output[65] = xxxx (0.000000)
[T=58465000] Output[66] = xxxx (0.000000)
[T=58645000] Output[67] = xxxx (0.000000)
[T=58825000] Output[68] = xxxx (0.000000)
[T=59005000] Output[69] = xxxx (0.000000)
[T=59185000] Output[70] = xxxx (0.000000)
[T=59365000] Output[71] = xxxx (0.000000)
[T=59545000] Output[72] = xxxx (0.000000)
[T=59725000] Output[73] = xxxx (0.000000)
[T=59905000] Output[74] = xxxx (0.000000)
[T=60085000] Output[75] = xxxx (0.000000)
[T=60265000] Output[76] = xxxx (0.000000)
[T=60445000] Output[77] = xxxx (0.000000)
[T=60625000] Output[78] = xxxx (0.000000)
[T=60805000] Output[79] = xxxx (0.000000)
[T=60985000] Output[80] = xxxx (0.000000)
[T=61165000] Output[81] = xxxx (0.000000)
[T=61345000] Output[82] = xxxx (0.000000)
[T=61525000] Output[83] = xxxx (0.000000)
[T=61705000] Output[84] = xxxx (0.000000)
[T=61885000] Output[85] = xxxx (0.000000)
[T=62065000] Output[86] = xxxx (0.000000)
[T=62245000] Output[87] = xxxx (0.000000)
[T=62425000] Output[88] = xxxx (0.000000)
[T=62605000] Output[89] = xxxx (0.000000)
[T=62785000] Output[90] = xxxx (0.000000)
[T=62965000] Output[91] = xxxx (0.000000)
[T=63145000] Output[92] = xxxx (0.000000)
[T=63325000] Output[93] = xxxx (0.000000)
[T=63505000] Output[94] = xxxx (0.000000)
[T=63685000] Output[95] = xxxx (0.000000)
[T=63865000] Output[96] = xxxx (0.000000)
[T=64045000] Output[97] = xxxx (0.000000)
[T=64225000] Output[98] = xxxx (0.000000)
[T=64405000] Output[99] = xxxx (0.000000)
[T=64585000] Output[100] = xxxx (0.000000)
[T=64765000] Output[101] = xxxx (0.000000)
[T=64945000] Output[102] = xxxx (0.000000)
[T=65125000] Output[103] = xxxx (0.000000)
[T=65305000] Output[104] = xxxx (0.000000)
[T=65485000] Output[105] = xxxx (0.000000)
[T=65665000] Output[106] = xxxx (0.000000)
[T=65845000] Output[107] = xxxx (0.000000)
[T=66025000] Output[108] = xxxx (0.000000)
[T=66205000] Output[109] = xxxx (0.000000)
[T=66385000] Output[110] = xxxx (0.000000)
[T=66565000] Output[111] = xxxx (0.000000)
[T=66745000] Output[112] = xxxx (0.000000)
[T=66925000] Output[113] = xxxx (0.000000)
[T=67105000] Output[114] = xxxx (0.000000)
[T=67285000] Output[115] = xxxx (0.000000)
[T=67465000] Output[116] = xxxx (0.000000)
[T=67645000] Output[117] = xxxx (0.000000)
[T=67825000] Output[118] = xxxx (0.000000)
[T=68005000] Output[119] = xxxx (0.000000)
[T=68185000] Output[120] = xxxx (0.000000)
[T=68365000] Output[121] = xxxx (0.000000)
[T=68545000] Output[122] = xxxx (0.000000)
[T=68725000] Output[123] = xxxx (0.000000)
[T=68905000] Output[124] = xxxx (0.000000)
[T=69085000] Output[125] = xxxx (0.000000)
[T=69265000] Output[126] = xxxx (0.000000)
[T=69445000] Output[127] = xxxx (0.000000)
[T=69625000] Output[128] = xxxx (0.000000)
[T=69805000] Output[129] = xxxx (0.000000)
[T=69985000] Output[130] = xxxx (0.000000)
[T=70165000] Output[131] = xxxx (0.000000)
[T=70345000] Output[132] = xxxx (0.000000)
[T=70525000] Output[133] = xxxx (0.000000)
[T=70705000] Output[134] = xxxx (0.000000)
[T=70885000] Output[135] = xxxx (0.000000)
[T=71065000] Output[136] = xxxx (0.000000)
[T=71245000] Output[137] = xxxx (0.000000)
[T=71425000] Output[138] = xxxx (0.000000)
[T=71605000] Output[139] = xxxx (0.000000)
[T=71785000] Output[140] = xxxx (0.000000)
[T=71965000] Output[141] = xxxx (0.000000)
[T=72145000] Output[142] = xxxx (0.000000)
[T=72325000] Output[143] = xxxx (0.000000)
[T=72505000] Output[144] = xxxx (0.000000)
[T=72685000] Output[145] = xxxx (0.000000)
[T=72865000] Output[146] = xxxx (0.000000)
[T=73045000] Output[147] = xxxx (0.000000)
[T=73225000] Output[148] = xxxx (0.000000)
[T=73405000] Output[149] = xxxx (0.000000)
[T=73585000] Output[150] = xxxx (0.000000)
[T=73765000] Output[151] = xxxx (0.000000)
[T=73945000] Output[152] = xxxx (0.000000)
[T=74125000] Output[153] = xxxx (0.000000)
[T=74305000] Output[154] = xxxx (0.000000)
[T=74485000] Output[155] = xxxx (0.000000)
[T=74665000] Output[156] = xxxx (0.000000)
[T=74845000] Output[157] = xxxx (0.000000)
[T=75025000] Output[158] = xxxx (0.000000)
[T=75205000] Output[159] = xxxx (0.000000)
[T=75385000] Output[160] = xxxx (0.000000)
[T=75565000] Output[161] = xxxx (0.000000)
[T=75745000] Output[162] = xxxx (0.000000)
[T=75925000] Output[163] = xxxx (0.000000)
[T=76105000] Output[164] = xxxx (0.000000)
[T=76285000] Output[165] = xxxx (0.000000)
[T=76465000] Output[166] = xxxx (0.000000)
[T=76645000] Output[167] = xxxx (0.000000)
[T=76825000] Output[168] = xxxx (0.000000)
[T=77005000] Output[169] = xxxx (0.000000)
[T=77185000] Output[170] = xxxx (0.000000)
[T=77365000] Output[171] = xxxx (0.000000)
[T=77545000] Output[172] = xxxx (0.000000)
[T=77725000] Output[173] = xxxx (0.000000)
[T=77905000] Output[174] = xxxx (0.000000)
[T=78085000] Output[175] = xxxx (0.000000)
[T=78265000] Output[176] = xxxx (0.000000)
[T=78445000] Output[177] = xxxx (0.000000)
[T=78625000] Output[178] = xxxx (0.000000)
[T=78805000] Output[179] = xxxx (0.000000)
[T=78985000] Output[180] = xxxx (0.000000)
[T=79165000] Output[181] = xxxx (0.000000)
[T=79345000] Output[182] = xxxx (0.000000)
[T=79525000] Output[183] = xxxx (0.000000)
[T=79705000] Output[184] = xxxx (0.000000)
[T=79885000] Output[185] = xxxx (0.000000)
[T=80065000] Output[186] = xxxx (0.000000)
[T=80245000] Output[187] = xxxx (0.000000)
[T=80425000] Output[188] = xxxx (0.000000)
[T=80605000] Output[189] = xxxx (0.000000)
[T=80785000] Output[190] = xxxx (0.000000)
[T=80965000] Output[191] = xxxx (0.000000)
[T=81145000] Output[192] = xxxx (0.000000)
[T=81325000] Output[193] = xxxx (0.000000)
[T=81505000] Output[194] = xxxx (0.000000)
[T=81685000] Output[195] = xxxx (0.000000)
[T=81865000] Output[196] = xxxx (0.000000)
[T=82045000] Output[197] = xxxx (0.000000)
[T=82225000] Output[198] = xxxx (0.000000)
[T=82405000] Output[199] = xxxx (0.000000)
[T=82585000] Output[200] = xxxx (0.000000)
[T=82765000] Output[201] = xxxx (0.000000)
[T=82945000] Output[202] = xxxx (0.000000)
[T=83125000] Output[203] = xxxx (0.000000)
[T=83305000] Output[204] = xxxx (0.000000)
[T=83485000] Output[205] = xxxx (0.000000)
[T=83665000] Output[206] = xxxx (0.000000)
[T=83845000] Output[207] = xxxx (0.000000)
[T=84025000] Output[208] = xxxx (0.000000)
[T=84205000] Output[209] = xxxx (0.000000)
[T=84385000] Output[210] = xxxx (0.000000)
[T=84565000] Output[211] = xxxx (0.000000)
[T=84745000] Output[212] = xxxx (0.000000)
[T=84925000] Output[213] = xxxx (0.000000)
[T=85105000] Output[214] = xxxx (0.000000)
[T=85285000] Output[215] = xxxx (0.000000)
[T=85465000] Output[216] = xxxx (0.000000)
[T=85645000] Output[217] = xxxx (0.000000)
[T=85825000] Output[218] = xxxx (0.000000)
[T=86005000] Output[219] = xxxx (0.000000)
[T=86185000] Output[220] = xxxx (0.000000)
[T=86365000] Output[221] = xxxx (0.000000)
[T=86545000] Output[222] = xxxx (0.000000)
[T=86725000] Output[223] = xxxx (0.000000)
[T=86905000] Output[224] = xxxx (0.000000)
[T=87085000] Output[225] = xxxx (0.000000)
[T=87265000] Output[226] = xxxx (0.000000)
[T=87445000] Output[227] = xxxx (0.000000)
[T=87625000] Output[228] = xxxx (0.000000)
[T=87805000] Output[229] = xxxx (0.000000)
[T=87985000] Output[230] = xxxx (0.000000)
[T=88165000] Output[231] = xxxx (0.000000)
[T=88345000] Output[232] = xxxx (0.000000)
[T=88525000] Output[233] = xxxx (0.000000)
[T=88705000] Output[234] = xxxx (0.000000)
[T=88885000] Output[235] = xxxx (0.000000)
[T=89065000] Output[236] = xxxx (0.000000)
[T=89245000] Output[237] = xxxx (0.000000)
[T=89425000] Output[238] = xxxx (0.000000)
[T=89605000] Output[239] = xxxx (0.000000)
[T=89785000] Output[240] = xxxx (0.000000)
[T=89965000] Output[241] = xxxx (0.000000)
[T=90145000] Output[242] = xxxx (0.000000)
[T=90325000] Output[243] = xxxx (0.000000)
[T=90505000] Output[244] = xxxx (0.000000)
[T=90685000] Output[245] = xxxx (0.000000)
[T=90865000] Output[246] = xxxx (0.000000)
[T=91045000] Output[247] = xxxx (0.000000)
[T=91225000] Output[248] = xxxx (0.000000)
[T=91405000] Output[249] = xxxx (0.000000)
[T=91585000] Output[250] = xxxx (0.000000)
[T=91765000] Output[251] = xxxx (0.000000)
[T=91945000] Output[252] = xxxx (0.000000)
[T=92125000] Output[253] = xxxx (0.000000)
[T=92305000] Output[254] = xxxx (0.000000)
[T=92485000] Output[255] = xxxx (0.000000)
[TEST 2] Completed - 256 outputs received
[INFO] Processing completed at T=92495000

[TEST 3] Layer 2 - Step Response
[T=92855000] Output[0] = xxxx (0.000000)
[T=93035000] Output[1] = xxxx (0.000000)
[T=93215000] Output[2] = xxxx (0.000000)
[T=93395000] Output[3] = xxxx (0.000000)
[T=93575000] Output[4] = xxxx (0.000000)
[T=93755000] Output[5] = xxxx (0.000000)
[T=93935000] Output[6] = xxxx (0.000000)
[T=94115000] Output[7] = xxxx (0.000000)
[T=94295000] Output[8] = xxxx (0.000000)
[T=94475000] Output[9] = xxxx (0.000000)
[T=94655000] Output[10] = xxxx (0.000000)
[T=94835000] Output[11] = xxxx (0.000000)
[T=95015000] Output[12] = xxxx (0.000000)
[T=95195000] Output[13] = xxxx (0.000000)
[T=95375000] Output[14] = xxxx (0.000000)
[T=95555000] Output[15] = xxxx (0.000000)
[T=95735000] Output[16] = xxxx (0.000000)
[T=95915000] Output[17] = xxxx (0.000000)
[T=96095000] Output[18] = xxxx (0.000000)
[T=96275000] Output[19] = xxxx (0.000000)
[T=96455000] Output[20] = xxxx (0.000000)
[T=96635000] Output[21] = xxxx (0.000000)
[T=96815000] Output[22] = xxxx (0.000000)
[T=96995000] Output[23] = xxxx (0.000000)
[T=97175000] Output[24] = xxxx (0.000000)
[T=97355000] Output[25] = xxxx (0.000000)
[T=97535000] Output[26] = xxxx (0.000000)
[T=97715000] Output[27] = xxxx (0.000000)
[T=97895000] Output[28] = xxxx (0.000000)
[T=98075000] Output[29] = xxxx (0.000000)
[T=98255000] Output[30] = xxxx (0.000000)
[T=98435000] Output[31] = xxxx (0.000000)
[T=98615000] Output[32] = xxxx (0.000000)
[T=98795000] Output[33] = xxxx (0.000000)
[T=98975000] Output[34] = xxxx (0.000000)
[T=99155000] Output[35] = xxxx (0.000000)
[T=99335000] Output[36] = xxxx (0.000000)
[T=99515000] Output[37] = xxxx (0.000000)
[T=99695000] Output[38] = xxxx (0.000000)
[T=99875000] Output[39] = xxxx (0.000000)
[T=100055000] Output[40] = xxxx (0.000000)
[T=100235000] Output[41] = xxxx (0.000000)
[T=100415000] Output[42] = xxxx (0.000000)
[T=100595000] Output[43] = xxxx (0.000000)
[T=100775000] Output[44] = xxxx (0.000000)
[T=100955000] Output[45] = xxxx (0.000000)
[T=101135000] Output[46] = xxxx (0.000000)
[T=101315000] Output[47] = xxxx (0.000000)
[T=101495000] Output[48] = xxxx (0.000000)
[T=101675000] Output[49] = xxxx (0.000000)
[T=101855000] Output[50] = xxxx (0.000000)
[T=102035000] Output[51] = xxxx (0.000000)
[T=102215000] Output[52] = xxxx (0.000000)
[T=102395000] Output[53] = xxxx (0.000000)
[T=102575000] Output[54] = xxxx (0.000000)
[T=102755000] Output[55] = xxxx (0.000000)
[T=102935000] Output[56] = xxxx (0.000000)
[T=103115000] Output[57] = xxxx (0.000000)
[T=103295000] Output[58] = xxxx (0.000000)
[T=103475000] Output[59] = xxxx (0.000000)
[T=103655000] Output[60] = xxxx (0.000000)
[T=103835000] Output[61] = xxxx (0.000000)
[T=104015000] Output[62] = xxxx (0.000000)
[T=104195000] Output[63] = xxxx (0.000000)
[T=104375000] Output[64] = xxxx (0.000000)
[T=104555000] Output[65] = xxxx (0.000000)
[T=104735000] Output[66] = xxxx (0.000000)
[T=104915000] Output[67] = xxxx (0.000000)
[T=105095000] Output[68] = xxxx (0.000000)
[T=105275000] Output[69] = xxxx (0.000000)
[T=105455000] Output[70] = xxxx (0.000000)
[T=105635000] Output[71] = xxxx (0.000000)
[T=105815000] Output[72] = xxxx (0.000000)
[T=105995000] Output[73] = xxxx (0.000000)
[T=106175000] Output[74] = xxxx (0.000000)
[T=106355000] Output[75] = xxxx (0.000000)
[T=106535000] Output[76] = xxxx (0.000000)
[T=106715000] Output[77] = xxxx (0.000000)
[T=106895000] Output[78] = xxxx (0.000000)
[T=107075000] Output[79] = xxxx (0.000000)
[T=107255000] Output[80] = xxxx (0.000000)
[T=107435000] Output[81] = xxxx (0.000000)
[T=107615000] Output[82] = xxxx (0.000000)
[T=107795000] Output[83] = xxxx (0.000000)
[T=107975000] Output[84] = xxxx (0.000000)
[T=108155000] Output[85] = xxxx (0.000000)
[T=108335000] Output[86] = xxxx (0.000000)
[T=108515000] Output[87] = xxxx (0.000000)
[T=108695000] Output[88] = xxxx (0.000000)
[T=108875000] Output[89] = xxxx (0.000000)
[T=109055000] Output[90] = xxxx (0.000000)
[T=109235000] Output[91] = xxxx (0.000000)
[T=109415000] Output[92] = xxxx (0.000000)
[T=109595000] Output[93] = xxxx (0.000000)
[T=109775000] Output[94] = xxxx (0.000000)
[T=109955000] Output[95] = xxxx (0.000000)
[T=110135000] Output[96] = xxxx (0.000000)
[T=110315000] Output[97] = xxxx (0.000000)
[T=110495000] Output[98] = xxxx (0.000000)
[T=110675000] Output[99] = xxxx (0.000000)
[T=110855000] Output[100] = xxxx (0.000000)
[T=111035000] Output[101] = xxxx (0.000000)
[T=111215000] Output[102] = xxxx (0.000000)
[T=111395000] Output[103] = xxxx (0.000000)
[T=111575000] Output[104] = xxxx (0.000000)
[T=111755000] Output[105] = xxxx (0.000000)
[T=111935000] Output[106] = xxxx (0.000000)
[T=112115000] Output[107] = xxxx (0.000000)
[T=112295000] Output[108] = xxxx (0.000000)
[T=112475000] Output[109] = xxxx (0.000000)
[T=112655000] Output[110] = xxxx (0.000000)
[T=112835000] Output[111] = xxxx (0.000000)
[T=113015000] Output[112] = xxxx (0.000000)
[T=113195000] Output[113] = xxxx (0.000000)
[T=113375000] Output[114] = xxxx (0.000000)
[T=113555000] Output[115] = xxxx (0.000000)
[T=113735000] Output[116] = xxxx (0.000000)
[T=113915000] Output[117] = xxxx (0.000000)
[T=114095000] Output[118] = xxxx (0.000000)
[T=114275000] Output[119] = xxxx (0.000000)
[T=114455000] Output[120] = xxxx (0.000000)
[T=114635000] Output[121] = xxxx (0.000000)
[T=114815000] Output[122] = xxxx (0.000000)
[T=114995000] Output[123] = xxxx (0.000000)
[T=115175000] Output[124] = xxxx (0.000000)
[T=115355000] Output[125] = xxxx (0.000000)
[T=115535000] Output[126] = xxxx (0.000000)
[T=115715000] Output[127] = xxxx (0.000000)
[T=115895000] Output[128] = xxxx (0.000000)
[T=116075000] Output[129] = xxxx (0.000000)
[T=116255000] Output[130] = xxxx (0.000000)
[T=116435000] Output[131] = xxxx (0.000000)
[T=116615000] Output[132] = xxxx (0.000000)
[T=116795000] Output[133] = xxxx (0.000000)
[T=116975000] Output[134] = xxxx (0.000000)
[T=117155000] Output[135] = xxxx (0.000000)
[T=117335000] Output[136] = xxxx (0.000000)
[T=117515000] Output[137] = xxxx (0.000000)
[T=117695000] Output[138] = xxxx (0.000000)
[T=117875000] Output[139] = xxxx (0.000000)
[T=118055000] Output[140] = xxxx (0.000000)
[T=118235000] Output[141] = xxxx (0.000000)
[T=118415000] Output[142] = xxxx (0.000000)
[T=118595000] Output[143] = xxxx (0.000000)
[T=118775000] Output[144] = xxxx (0.000000)
[T=118955000] Output[145] = xxxx (0.000000)
[T=119135000] Output[146] = xxxx (0.000000)
[T=119315000] Output[147] = xxxx (0.000000)
[T=119495000] Output[148] = xxxx (0.000000)
[T=119675000] Output[149] = xxxx (0.000000)
[T=119855000] Output[150] = xxxx (0.000000)
[T=120035000] Output[151] = xxxx (0.000000)
[T=120215000] Output[152] = xxxx (0.000000)
[T=120395000] Output[153] = xxxx (0.000000)
[T=120575000] Output[154] = xxxx (0.000000)
[T=120755000] Output[155] = xxxx (0.000000)
[T=120935000] Output[156] = xxxx (0.000000)
[T=121115000] Output[157] = xxxx (0.000000)
[T=121295000] Output[158] = xxxx (0.000000)
[T=121475000] Output[159] = xxxx (0.000000)
[T=121655000] Output[160] = xxxx (0.000000)
[T=121835000] Output[161] = xxxx (0.000000)
[T=122015000] Output[162] = xxxx (0.000000)
[T=122195000] Output[163] = xxxx (0.000000)
[T=122375000] Output[164] = xxxx (0.000000)
[T=122555000] Output[165] = xxxx (0.000000)
[T=122735000] Output[166] = xxxx (0.000000)
[T=122915000] Output[167] = xxxx (0.000000)
[T=123095000] Output[168] = xxxx (0.000000)
[T=123275000] Output[169] = xxxx (0.000000)
[T=123455000] Output[170] = xxxx (0.000000)
[T=123635000] Output[171] = xxxx (0.000000)
[T=123815000] Output[172] = xxxx (0.000000)
[T=123995000] Output[173] = xxxx (0.000000)
[T=124175000] Output[174] = xxxx (0.000000)
[T=124355000] Output[175] = xxxx (0.000000)
[T=124535000] Output[176] = xxxx (0.000000)
[T=124715000] Output[177] = xxxx (0.000000)
[T=124895000] Output[178] = xxxx (0.000000)
[T=125075000] Output[179] = xxxx (0.000000)
[T=125255000] Output[180] = xxxx (0.000000)
[T=125435000] Output[181] = xxxx (0.000000)
[T=125615000] Output[182] = xxxx (0.000000)
[T=125795000] Output[183] = xxxx (0.000000)
[T=125975000] Output[184] = xxxx (0.000000)
[T=126155000] Output[185] = xxxx (0.000000)
[T=126335000] Output[186] = xxxx (0.000000)
[T=126515000] Output[187] = xxxx (0.000000)
[T=126695000] Output[188] = xxxx (0.000000)
[T=126875000] Output[189] = xxxx (0.000000)
[T=127055000] Output[190] = xxxx (0.000000)
[T=127235000] Output[191] = xxxx (0.000000)
[T=127415000] Output[192] = xxxx (0.000000)
[T=127595000] Output[193] = xxxx (0.000000)
[T=127775000] Output[194] = xxxx (0.000000)
[T=127955000] Output[195] = xxxx (0.000000)
[T=128135000] Output[196] = xxxx (0.000000)
[T=128315000] Output[197] = xxxx (0.000000)
[T=128495000] Output[198] = xxxx (0.000000)
[T=128675000] Output[199] = xxxx (0.000000)
[T=128855000] Output[200] = xxxx (0.000000)
[T=129035000] Output[201] = xxxx (0.000000)
[T=129215000] Output[202] = xxxx (0.000000)
[T=129395000] Output[203] = xxxx (0.000000)
[T=129575000] Output[204] = xxxx (0.000000)
[T=129755000] Output[205] = xxxx (0.000000)
[T=129935000] Output[206] = xxxx (0.000000)
[T=130115000] Output[207] = xxxx (0.000000)
[T=130295000] Output[208] = xxxx (0.000000)
[T=130475000] Output[209] = xxxx (0.000000)
[T=130655000] Output[210] = xxxx (0.000000)
[T=130835000] Output[211] = xxxx (0.000000)
[T=131015000] Output[212] = xxxx (0.000000)
[T=131195000] Output[213] = xxxx (0.000000)
[T=131375000] Output[214] = xxxx (0.000000)
[T=131555000] Output[215] = xxxx (0.000000)
[T=131735000] Output[216] = xxxx (0.000000)
[T=131915000] Output[217] = xxxx (0.000000)
[T=132095000] Output[218] = xxxx (0.000000)
[T=132275000] Output[219] = xxxx (0.000000)
[T=132455000] Output[220] = xxxx (0.000000)
[T=132635000] Output[221] = xxxx (0.000000)
[T=132815000] Output[222] = xxxx (0.000000)
[T=132995000] Output[223] = xxxx (0.000000)
[T=133175000] Output[224] = xxxx (0.000000)
[T=133355000] Output[225] = xxxx (0.000000)
[T=133535000] Output[226] = xxxx (0.000000)
[T=133715000] Output[227] = xxxx (0.000000)
[T=133895000] Output[228] = xxxx (0.000000)
[T=134075000] Output[229] = xxxx (0.000000)
[T=134255000] Output[230] = xxxx (0.000000)
[T=134435000] Output[231] = xxxx (0.000000)
[T=134615000] Output[232] = xxxx (0.000000)
[T=134795000] Output[233] = xxxx (0.000000)
[T=134975000] Output[234] = xxxx (0.000000)
[T=135155000] Output[235] = xxxx (0.000000)
[T=135335000] Output[236] = xxxx (0.000000)
[T=135515000] Output[237] = xxxx (0.000000)
[T=135695000] Output[238] = xxxx (0.000000)
[T=135875000] Output[239] = xxxx (0.000000)
[T=136055000] Output[240] = xxxx (0.000000)
[T=136235000] Output[241] = xxxx (0.000000)
[T=136415000] Output[242] = xxxx (0.000000)
[T=136595000] Output[243] = xxxx (0.000000)
[T=136775000] Output[244] = xxxx (0.000000)
[T=136955000] Output[245] = xxxx (0.000000)
[T=137135000] Output[246] = xxxx (0.000000)
[T=137315000] Output[247] = xxxx (0.000000)
[T=137495000] Output[248] = xxxx (0.000000)
[T=137675000] Output[249] = xxxx (0.000000)
[T=137855000] Output[250] = xxxx (0.000000)
[T=138035000] Output[251] = xxxx (0.000000)
[T=138215000] Output[252] = xxxx (0.000000)
[T=138395000] Output[253] = xxxx (0.000000)
[T=138575000] Output[254] = xxxx (0.000000)
[T=138755000] Output[255] = xxxx (0.000000)
[TEST 3] Completed - 256 outputs received
[INFO] Processing completed at T=138765000

[TEST 4] Layer 4 (Last) - Random Noise
[T=139115000] Output[0] = xxxx (0.000000)
[T=139295000] Output[1] = xxxx (0.000000)
[T=139475000] Output[2] = xxxx (0.000000)
[T=139655000] Output[3] = xxxx (0.000000)
[T=139835000] Output[4] = xxxx (0.000000)
[T=140015000] Output[5] = xxxx (0.000000)
[T=140195000] Output[6] = xxxx (0.000000)
[T=140375000] Output[7] = xxxx (0.000000)
[T=140555000] Output[8] = xxxx (0.000000)
[T=140735000] Output[9] = xxxx (0.000000)
[T=140915000] Output[10] = xxxx (0.000000)
[T=141095000] Output[11] = xxxx (0.000000)
[T=141275000] Output[12] = xxxx (0.000000)
[T=141455000] Output[13] = xxxx (0.000000)
[T=141635000] Output[14] = xxxx (0.000000)
[T=141815000] Output[15] = xxxx (0.000000)
[T=141995000] Output[16] = xxxx (0.000000)
[T=142175000] Output[17] = xxxx (0.000000)
[T=142355000] Output[18] = xxxx (0.000000)
[T=142535000] Output[19] = xxxx (0.000000)
[T=142715000] Output[20] = xxxx (0.000000)
[T=142895000] Output[21] = xxxx (0.000000)
[T=143075000] Output[22] = xxxx (0.000000)
[T=143255000] Output[23] = xxxx (0.000000)
[T=143435000] Output[24] = xxxx (0.000000)
[T=143615000] Output[25] = xxxx (0.000000)
[T=143795000] Output[26] = xxxx (0.000000)
[T=143975000] Output[27] = xxxx (0.000000)
[T=144155000] Output[28] = xxxx (0.000000)
[T=144335000] Output[29] = xxxx (0.000000)
[T=144515000] Output[30] = xxxx (0.000000)
[T=144695000] Output[31] = xxxx (0.000000)
[T=144875000] Output[32] = xxxx (0.000000)
[T=145055000] Output[33] = xxxx (0.000000)
[T=145235000] Output[34] = xxxx (0.000000)
[T=145415000] Output[35] = xxxx (0.000000)
[T=145595000] Output[36] = xxxx (0.000000)
[T=145775000] Output[37] = xxxx (0.000000)
[T=145955000] Output[38] = xxxx (0.000000)
[T=146135000] Output[39] = xxxx (0.000000)
[T=146315000] Output[40] = xxxx (0.000000)
[T=146495000] Output[41] = xxxx (0.000000)
[T=146675000] Output[42] = xxxx (0.000000)
[T=146855000] Output[43] = xxxx (0.000000)
[T=147035000] Output[44] = xxxx (0.000000)
[T=147215000] Output[45] = xxxx (0.000000)
[T=147395000] Output[46] = xxxx (0.000000)
[T=147575000] Output[47] = xxxx (0.000000)
[T=147755000] Output[48] = xxxx (0.000000)
[T=147935000] Output[49] = xxxx (0.000000)
[T=148115000] Output[50] = xxxx (0.000000)
[T=148295000] Output[51] = xxxx (0.000000)
[T=148475000] Output[52] = xxxx (0.000000)
[T=148655000] Output[53] = xxxx (0.000000)
[T=148835000] Output[54] = xxxx (0.000000)
[T=149015000] Output[55] = xxxx (0.000000)
[T=149195000] Output[56] = xxxx (0.000000)
[T=149375000] Output[57] = xxxx (0.000000)
[T=149555000] Output[58] = xxxx (0.000000)
[T=149735000] Output[59] = xxxx (0.000000)
[T=149915000] Output[60] = xxxx (0.000000)
[T=150095000] Output[61] = xxxx (0.000000)
[T=150275000] Output[62] = xxxx (0.000000)
[T=150455000] Output[63] = xxxx (0.000000)
[T=150635000] Output[64] = xxxx (0.000000)
[T=150815000] Output[65] = xxxx (0.000000)
[T=150995000] Output[66] = xxxx (0.000000)
[T=151175000] Output[67] = xxxx (0.000000)
[T=151355000] Output[68] = xxxx (0.000000)
[T=151535000] Output[69] = xxxx (0.000000)
[T=151715000] Output[70] = xxxx (0.000000)
[T=151895000] Output[71] = xxxx (0.000000)
[T=152075000] Output[72] = xxxx (0.000000)
[T=152255000] Output[73] = xxxx (0.000000)
[T=152435000] Output[74] = xxxx (0.000000)
[T=152615000] Output[75] = xxxx (0.000000)
[T=152795000] Output[76] = xxxx (0.000000)
[T=152975000] Output[77] = xxxx (0.000000)
[T=153155000] Output[78] = xxxx (0.000000)
[T=153335000] Output[79] = xxxx (0.000000)
[T=153515000] Output[80] = xxxx (0.000000)
[T=153695000] Output[81] = xxxx (0.000000)
[T=153875000] Output[82] = xxxx (0.000000)
[T=154055000] Output[83] = xxxx (0.000000)
[T=154235000] Output[84] = xxxx (0.000000)
[T=154415000] Output[85] = xxxx (0.000000)
[T=154595000] Output[86] = xxxx (0.000000)
[T=154775000] Output[87] = xxxx (0.000000)
[T=154955000] Output[88] = xxxx (0.000000)
[T=155135000] Output[89] = xxxx (0.000000)
[T=155315000] Output[90] = xxxx (0.000000)
[T=155495000] Output[91] = xxxx (0.000000)
[T=155675000] Output[92] = xxxx (0.000000)
[T=155855000] Output[93] = xxxx (0.000000)
[T=156035000] Output[94] = xxxx (0.000000)
[T=156215000] Output[95] = xxxx (0.000000)
[T=156395000] Output[96] = xxxx (0.000000)
[T=156575000] Output[97] = xxxx (0.000000)
[T=156755000] Output[98] = xxxx (0.000000)
[T=156935000] Output[99] = xxxx (0.000000)
[T=157115000] Output[100] = xxxx (0.000000)
[T=157295000] Output[101] = xxxx (0.000000)
[T=157475000] Output[102] = xxxx (0.000000)
[T=157655000] Output[103] = xxxx (0.000000)
[T=157835000] Output[104] = xxxx (0.000000)
[T=158015000] Output[105] = xxxx (0.000000)
[T=158195000] Output[106] = xxxx (0.000000)
[T=158375000] Output[107] = xxxx (0.000000)
[T=158555000] Output[108] = xxxx (0.000000)
[T=158735000] Output[109] = xxxx (0.000000)
[T=158915000] Output[110] = xxxx (0.000000)
[T=159095000] Output[111] = xxxx (0.000000)
[T=159275000] Output[112] = xxxx (0.000000)
[T=159455000] Output[113] = xxxx (0.000000)
[T=159635000] Output[114] = xxxx (0.000000)
[T=159815000] Output[115] = xxxx (0.000000)
[T=159995000] Output[116] = xxxx (0.000000)
[T=160175000] Output[117] = xxxx (0.000000)
[T=160355000] Output[118] = xxxx (0.000000)
[T=160535000] Output[119] = xxxx (0.000000)
[T=160715000] Output[120] = xxxx (0.000000)
[T=160895000] Output[121] = xxxx (0.000000)
[T=161075000] Output[122] = xxxx (0.000000)
[T=161255000] Output[123] = xxxx (0.000000)
[T=161435000] Output[124] = xxxx (0.000000)
[T=161615000] Output[125] = xxxx (0.000000)
[T=161795000] Output[126] = xxxx (0.000000)
[T=161975000] Output[127] = xxxx (0.000000)
[T=162155000] Output[128] = xxxx (0.000000)
[T=162335000] Output[129] = xxxx (0.000000)
[T=162515000] Output[130] = xxxx (0.000000)
[T=162695000] Output[131] = xxxx (0.000000)
[T=162875000] Output[132] = xxxx (0.000000)
[T=163055000] Output[133] = xxxx (0.000000)
[T=163235000] Output[134] = xxxx (0.000000)
[T=163415000] Output[135] = xxxx (0.000000)
[T=163595000] Output[136] = xxxx (0.000000)
[T=163775000] Output[137] = xxxx (0.000000)
[T=163955000] Output[138] = xxxx (0.000000)
[T=164135000] Output[139] = xxxx (0.000000)
[T=164315000] Output[140] = xxxx (0.000000)
[T=164495000] Output[141] = xxxx (0.000000)
[T=164675000] Output[142] = xxxx (0.000000)
[T=164855000] Output[143] = xxxx (0.000000)
[T=165035000] Output[144] = xxxx (0.000000)
[T=165215000] Output[145] = xxxx (0.000000)
[T=165395000] Output[146] = xxxx (0.000000)
[T=165575000] Output[147] = xxxx (0.000000)
[T=165755000] Output[148] = xxxx (0.000000)
[T=165935000] Output[149] = xxxx (0.000000)
[T=166115000] Output[150] = xxxx (0.000000)
[T=166295000] Output[151] = xxxx (0.000000)
[T=166475000] Output[152] = xxxx (0.000000)
[T=166655000] Output[153] = xxxx (0.000000)
[T=166835000] Output[154] = xxxx (0.000000)
[T=167015000] Output[155] = xxxx (0.000000)
[T=167195000] Output[156] = xxxx (0.000000)
[T=167375000] Output[157] = xxxx (0.000000)
[T=167555000] Output[158] = xxxx (0.000000)
[T=167735000] Output[159] = xxxx (0.000000)
[T=167915000] Output[160] = xxxx (0.000000)
[T=168095000] Output[161] = xxxx (0.000000)
[T=168275000] Output[162] = xxxx (0.000000)
[T=168455000] Output[163] = xxxx (0.000000)
[T=168635000] Output[164] = xxxx (0.000000)
[T=168815000] Output[165] = xxxx (0.000000)
[T=168995000] Output[166] = xxxx (0.000000)
[T=169175000] Output[167] = xxxx (0.000000)
[T=169355000] Output[168] = xxxx (0.000000)
[T=169535000] Output[169] = xxxx (0.000000)
[T=169715000] Output[170] = xxxx (0.000000)
[T=169895000] Output[171] = xxxx (0.000000)
[T=170075000] Output[172] = xxxx (0.000000)
[T=170255000] Output[173] = xxxx (0.000000)
[T=170435000] Output[174] = xxxx (0.000000)
[T=170615000] Output[175] = xxxx (0.000000)
[T=170795000] Output[176] = xxxx (0.000000)
[T=170975000] Output[177] = xxxx (0.000000)
[T=171155000] Output[178] = xxxx (0.000000)
[T=171335000] Output[179] = xxxx (0.000000)
[T=171515000] Output[180] = xxxx (0.000000)
[T=171695000] Output[181] = xxxx (0.000000)
[T=171875000] Output[182] = xxxx (0.000000)
[T=172055000] Output[183] = xxxx (0.000000)
[T=172235000] Output[184] = xxxx (0.000000)
[T=172415000] Output[185] = xxxx (0.000000)
[T=172595000] Output[186] = xxxx (0.000000)
[T=172775000] Output[187] = xxxx (0.000000)
[T=172955000] Output[188] = xxxx (0.000000)
[T=173135000] Output[189] = xxxx (0.000000)
[T=173315000] Output[190] = xxxx (0.000000)
[T=173495000] Output[191] = xxxx (0.000000)
[T=173675000] Output[192] = xxxx (0.000000)
[T=173855000] Output[193] = xxxx (0.000000)
[T=174035000] Output[194] = xxxx (0.000000)
[T=174215000] Output[195] = xxxx (0.000000)
[T=174395000] Output[196] = xxxx (0.000000)
[T=174575000] Output[197] = xxxx (0.000000)
[T=174755000] Output[198] = xxxx (0.000000)
[T=174935000] Output[199] = xxxx (0.000000)
[T=175115000] Output[200] = xxxx (0.000000)
[T=175295000] Output[201] = xxxx (0.000000)
[T=175475000] Output[202] = xxxx (0.000000)
[T=175655000] Output[203] = xxxx (0.000000)
[T=175835000] Output[204] = xxxx (0.000000)
[T=176015000] Output[205] = xxxx (0.000000)
[T=176195000] Output[206] = xxxx (0.000000)
[T=176375000] Output[207] = xxxx (0.000000)
[T=176555000] Output[208] = xxxx (0.000000)
[T=176735000] Output[209] = xxxx (0.000000)
[T=176915000] Output[210] = xxxx (0.000000)
[T=177095000] Output[211] = xxxx (0.000000)
[T=177275000] Output[212] = xxxx (0.000000)
[T=177455000] Output[213] = xxxx (0.000000)
[T=177635000] Output[214] = xxxx (0.000000)
[T=177815000] Output[215] = xxxx (0.000000)
[T=177995000] Output[216] = xxxx (0.000000)
[T=178175000] Output[217] = xxxx (0.000000)
[T=178355000] Output[218] = xxxx (0.000000)
[T=178535000] Output[219] = xxxx (0.000000)
[T=178715000] Output[220] = xxxx (0.000000)
[T=178895000] Output[221] = xxxx (0.000000)
[T=179075000] Output[222] = xxxx (0.000000)
[T=179255000] Output[223] = xxxx (0.000000)
[T=179435000] Output[224] = xxxx (0.000000)
[T=179615000] Output[225] = xxxx (0.000000)
[T=179795000] Output[226] = xxxx (0.000000)
[T=179975000] Output[227] = xxxx (0.000000)
[T=180155000] Output[228] = xxxx (0.000000)
[T=180335000] Output[229] = xxxx (0.000000)
[T=180515000] Output[230] = xxxx (0.000000)
[T=180695000] Output[231] = xxxx (0.000000)
[T=180875000] Output[232] = xxxx (0.000000)
[T=181055000] Output[233] = xxxx (0.000000)
[T=181235000] Output[234] = xxxx (0.000000)
[T=181415000] Output[235] = xxxx (0.000000)
[T=181595000] Output[236] = xxxx (0.000000)
[T=181775000] Output[237] = xxxx (0.000000)
[T=181955000] Output[238] = xxxx (0.000000)
[T=182135000] Output[239] = xxxx (0.000000)
[T=182315000] Output[240] = xxxx (0.000000)
[T=182495000] Output[241] = xxxx (0.000000)
[T=182675000] Output[242] = xxxx (0.000000)
[T=182855000] Output[243] = xxxx (0.000000)
[T=183035000] Output[244] = xxxx (0.000000)
[T=183215000] Output[245] = xxxx (0.000000)
[T=183395000] Output[246] = xxxx (0.000000)
[T=183575000] Output[247] = xxxx (0.000000)
[T=183755000] Output[248] = xxxx (0.000000)
[T=183935000] Output[249] = xxxx (0.000000)
[T=184115000] Output[250] = xxxx (0.000000)
[T=184295000] Output[251] = xxxx (0.000000)
[T=184475000] Output[252] = xxxx (0.000000)
[T=184655000] Output[253] = xxxx (0.000000)
[T=184835000] Output[254] = xxxx (0.000000)
[T=185015000] Output[255] = xxxx (0.000000)
[TEST 4] Completed - 256 outputs received
[INFO] Processing completed at T=185025000

========================================
PostNet Stack Testbench Summary
========================================
Total Errors: 0
STATUS: PASS
========================================

./postnet_stack_tb.v:285: $finish called at 185325000 (1ps)
