ERROR: ../../shared/memory/weight_mem.v:53: $readmemh: Unable to open weights.mem for reading.
ERROR: ../../shared/memory/bias_mem.v:51: $readmemh: Unable to open biases.mem for reading.
VCD info: dumpfile postnet_top_tb.vcd opened for output.
========================================
PostNet Top Testbench Started
========================================

[TEST 1] Impulse Response

[TASK] Sending 256 generator output samples...
[TASK] Generator output transmission complete (256 samples)
[T=187735000] Audio Out[0] = xxxx (0.000000)
[T=187915000] Audio Out[1] = xxxx (0.000000)
[T=188095000] Audio Out[2] = xxxx (0.000000)
[T=188275000] Audio Out[3] = xxxx (0.000000)
[T=188455000] Audio Out[4] = xxxx (0.000000)
[T=188635000] Audio Out[5] = xxxx (0.000000)
[T=188815000] Audio Out[6] = xxxx (0.000000)
[T=188995000] Audio Out[7] = xxxx (0.000000)
[T=189175000] Audio Out[8] = xxxx (0.000000)
[T=189355000] Audio Out[9] = xxxx (0.000000)
[T=189535000] Audio Out[10] = xxxx (0.000000)
[T=189715000] Audio Out[11] = xxxx (0.000000)
[T=189895000] Audio Out[12] = xxxx (0.000000)
[T=190075000] Audio Out[13] = xxxx (0.000000)
[T=190255000] Audio Out[14] = xxxx (0.000000)
[T=190435000] Audio Out[15] = xxxx (0.000000)
[T=190615000] Audio Out[16] = xxxx (0.000000)
[T=190795000] Audio Out[17] = xxxx (0.000000)
[T=190975000] Audio Out[18] = xxxx (0.000000)
[T=191155000] Audio Out[19] = xxxx (0.000000)
[T=191335000] Audio Out[20] = xxxx (0.000000)
[T=191515000] Audio Out[21] = xxxx (0.000000)
[T=191695000] Audio Out[22] = xxxx (0.000000)
[T=191875000] Audio Out[23] = xxxx (0.000000)
[T=192055000] Audio Out[24] = xxxx (0.000000)
[T=192235000] Audio Out[25] = xxxx (0.000000)
[T=192415000] Audio Out[26] = xxxx (0.000000)
[T=192595000] Audio Out[27] = xxxx (0.000000)
[T=192775000] Audio Out[28] = xxxx (0.000000)
[T=192955000] Audio Out[29] = xxxx (0.000000)
[T=193135000] Audio Out[30] = xxxx (0.000000)
[T=193315000] Audio Out[31] = xxxx (0.000000)
[T=193495000] Audio Out[32] = xxxx (0.000000)
[T=193675000] Audio Out[33] = xxxx (0.000000)
[T=193855000] Audio Out[34] = xxxx (0.000000)
[T=194035000] Audio Out[35] = xxxx (0.000000)
[T=194215000] Audio Out[36] = xxxx (0.000000)
[T=194395000] Audio Out[37] = xxxx (0.000000)
[T=194575000] Audio Out[38] = xxxx (0.000000)
[T=194755000] Audio Out[39] = xxxx (0.000000)
[T=194935000] Audio Out[40] = xxxx (0.000000)
[T=195115000] Audio Out[41] = xxxx (0.000000)
[T=195295000] Audio Out[42] = xxxx (0.000000)
[T=195475000] Audio Out[43] = xxxx (0.000000)
[T=195655000] Audio Out[44] = xxxx (0.000000)
[T=195835000] Audio Out[45] = xxxx (0.000000)
[T=196015000] Audio Out[46] = xxxx (0.000000)
[T=196195000] Audio Out[47] = xxxx (0.000000)
[T=196375000] Audio Out[48] = xxxx (0.000000)
[T=196555000] Audio Out[49] = xxxx (0.000000)
[T=196735000] Audio Out[50] = xxxx (0.000000)
[T=196915000] Audio Out[51] = xxxx (0.000000)
[T=197095000] Audio Out[52] = xxxx (0.000000)
[T=197275000] Audio Out[53] = xxxx (0.000000)
[T=197455000] Audio Out[54] = xxxx (0.000000)
[T=197635000] Audio Out[55] = xxxx (0.000000)
[T=197815000] Audio Out[56] = xxxx (0.000000)
[T=197995000] Audio Out[57] = xxxx (0.000000)
[T=198175000] Audio Out[58] = xxxx (0.000000)
[T=198355000] Audio Out[59] = xxxx (0.000000)
[T=198535000] Audio Out[60] = xxxx (0.000000)
[T=198715000] Audio Out[61] = xxxx (0.000000)
[T=198895000] Audio Out[62] = xxxx (0.000000)
[T=199075000] Audio Out[63] = xxxx (0.000000)
[T=199255000] Audio Out[64] = xxxx (0.000000)
[T=199435000] Audio Out[65] = xxxx (0.000000)
[T=199615000] Audio Out[66] = xxxx (0.000000)
[T=199795000] Audio Out[67] = xxxx (0.000000)
[T=199975000] Audio Out[68] = xxxx (0.000000)
[T=200155000] Audio Out[69] = xxxx (0.000000)
[T=200335000] Audio Out[70] = xxxx (0.000000)
[T=200515000] Audio Out[71] = xxxx (0.000000)
[T=200695000] Audio Out[72] = xxxx (0.000000)
[T=200875000] Audio Out[73] = xxxx (0.000000)
[T=201055000] Audio Out[74] = xxxx (0.000000)
[T=201235000] Audio Out[75] = xxxx (0.000000)
[T=201415000] Audio Out[76] = xxxx (0.000000)
[T=201595000] Audio Out[77] = xxxx (0.000000)
[T=201775000] Audio Out[78] = xxxx (0.000000)
[T=201955000] Audio Out[79] = xxxx (0.000000)
[T=202135000] Audio Out[80] = xxxx (0.000000)
[T=202315000] Audio Out[81] = xxxx (0.000000)
[T=202495000] Audio Out[82] = xxxx (0.000000)
[T=202675000] Audio Out[83] = xxxx (0.000000)
[T=202855000] Audio Out[84] = xxxx (0.000000)
[T=203035000] Audio Out[85] = xxxx (0.000000)
[T=203215000] Audio Out[86] = xxxx (0.000000)
[T=203395000] Audio Out[87] = xxxx (0.000000)
[T=203575000] Audio Out[88] = xxxx (0.000000)
[T=203755000] Audio Out[89] = xxxx (0.000000)
[T=203935000] Audio Out[90] = xxxx (0.000000)
[T=204115000] Audio Out[91] = xxxx (0.000000)
[T=204295000] Audio Out[92] = xxxx (0.000000)
[T=204475000] Audio Out[93] = xxxx (0.000000)
[T=204655000] Audio Out[94] = xxxx (0.000000)
[T=204835000] Audio Out[95] = xxxx (0.000000)
[T=205015000] Audio Out[96] = xxxx (0.000000)
[T=205195000] Audio Out[97] = xxxx (0.000000)
[T=205375000] Audio Out[98] = xxxx (0.000000)
[T=205555000] Audio Out[99] = xxxx (0.000000)
[T=205735000] Audio Out[100] = xxxx (0.000000)
[T=205915000] Audio Out[101] = xxxx (0.000000)
[T=206095000] Audio Out[102] = xxxx (0.000000)
[T=206275000] Audio Out[103] = xxxx (0.000000)
[T=206455000] Audio Out[104] = xxxx (0.000000)
[T=206635000] Audio Out[105] = xxxx (0.000000)
[T=206815000] Audio Out[106] = xxxx (0.000000)
[T=206995000] Audio Out[107] = xxxx (0.000000)
[T=207175000] Audio Out[108] = xxxx (0.000000)
[T=207355000] Audio Out[109] = xxxx (0.000000)
[T=207535000] Audio Out[110] = xxxx (0.000000)
[T=207715000] Audio Out[111] = xxxx (0.000000)
[T=207895000] Audio Out[112] = xxxx (0.000000)
[T=208075000] Audio Out[113] = xxxx (0.000000)
[T=208255000] Audio Out[114] = xxxx (0.000000)
[T=208435000] Audio Out[115] = xxxx (0.000000)
[T=208615000] Audio Out[116] = xxxx (0.000000)
[T=208795000] Audio Out[117] = xxxx (0.000000)
[T=208975000] Audio Out[118] = xxxx (0.000000)
[T=209155000] Audio Out[119] = xxxx (0.000000)
[T=209335000] Audio Out[120] = xxxx (0.000000)
[T=209515000] Audio Out[121] = xxxx (0.000000)
[T=209695000] Audio Out[122] = xxxx (0.000000)
[T=209875000] Audio Out[123] = xxxx (0.000000)
[T=210055000] Audio Out[124] = xxxx (0.000000)
[T=210235000] Audio Out[125] = xxxx (0.000000)
[T=210415000] Audio Out[126] = xxxx (0.000000)
[T=210595000] Audio Out[127] = xxxx (0.000000)
[T=210775000] Audio Out[128] = xxxx (0.000000)
[T=210955000] Audio Out[129] = xxxx (0.000000)
[T=211135000] Audio Out[130] = xxxx (0.000000)
[T=211315000] Audio Out[131] = xxxx (0.000000)
[T=211495000] Audio Out[132] = xxxx (0.000000)
[T=211675000] Audio Out[133] = xxxx (0.000000)
[T=211855000] Audio Out[134] = xxxx (0.000000)
[T=212035000] Audio Out[135] = xxxx (0.000000)
[T=212215000] Audio Out[136] = xxxx (0.000000)
[T=212395000] Audio Out[137] = xxxx (0.000000)
[T=212575000] Audio Out[138] = xxxx (0.000000)
[T=212755000] Audio Out[139] = xxxx (0.000000)
[T=212935000] Audio Out[140] = xxxx (0.000000)
[T=213115000] Audio Out[141] = xxxx (0.000000)
[T=213295000] Audio Out[142] = xxxx (0.000000)
[T=213475000] Audio Out[143] = xxxx (0.000000)
[T=213655000] Audio Out[144] = xxxx (0.000000)
[T=213835000] Audio Out[145] = xxxx (0.000000)
[T=214015000] Audio Out[146] = xxxx (0.000000)
[T=214195000] Audio Out[147] = xxxx (0.000000)
[T=214375000] Audio Out[148] = xxxx (0.000000)
[T=214555000] Audio Out[149] = xxxx (0.000000)
[T=214735000] Audio Out[150] = xxxx (0.000000)
[T=214915000] Audio Out[151] = xxxx (0.000000)
[T=215095000] Audio Out[152] = xxxx (0.000000)
[T=215275000] Audio Out[153] = xxxx (0.000000)
[T=215455000] Audio Out[154] = xxxx (0.000000)
[T=215635000] Audio Out[155] = xxxx (0.000000)
[T=215815000] Audio Out[156] = xxxx (0.000000)
[T=215995000] Audio Out[157] = xxxx (0.000000)
[T=216175000] Audio Out[158] = xxxx (0.000000)
[T=216355000] Audio Out[159] = xxxx (0.000000)
[T=216535000] Audio Out[160] = xxxx (0.000000)
[T=216715000] Audio Out[161] = xxxx (0.000000)
[T=216895000] Audio Out[162] = xxxx (0.000000)
[T=217075000] Audio Out[163] = xxxx (0.000000)
[T=217255000] Audio Out[164] = xxxx (0.000000)
[T=217435000] Audio Out[165] = xxxx (0.000000)
[T=217615000] Audio Out[166] = xxxx (0.000000)
[T=217795000] Audio Out[167] = xxxx (0.000000)
[T=217975000] Audio Out[168] = xxxx (0.000000)
[T=218155000] Audio Out[169] = xxxx (0.000000)
[T=218335000] Audio Out[170] = xxxx (0.000000)
[T=218515000] Audio Out[171] = xxxx (0.000000)
[T=218695000] Audio Out[172] = xxxx (0.000000)
[T=218875000] Audio Out[173] = xxxx (0.000000)
[T=219055000] Audio Out[174] = xxxx (0.000000)
[T=219235000] Audio Out[175] = xxxx (0.000000)
[T=219415000] Audio Out[176] = xxxx (0.000000)
[T=219595000] Audio Out[177] = xxxx (0.000000)
[T=219775000] Audio Out[178] = xxxx (0.000000)
[T=219955000] Audio Out[179] = xxxx (0.000000)
[T=220135000] Audio Out[180] = xxxx (0.000000)
[T=220315000] Audio Out[181] = xxxx (0.000000)
[T=220495000] Audio Out[182] = xxxx (0.000000)
[T=220675000] Audio Out[183] = xxxx (0.000000)
[T=220855000] Audio Out[184] = xxxx (0.000000)
[T=221035000] Audio Out[185] = xxxx (0.000000)
[T=221215000] Audio Out[186] = xxxx (0.000000)
[T=221395000] Audio Out[187] = xxxx (0.000000)
[T=221575000] Audio Out[188] = xxxx (0.000000)
[T=221755000] Audio Out[189] = xxxx (0.000000)
[T=221935000] Audio Out[190] = xxxx (0.000000)
[T=222115000] Audio Out[191] = xxxx (0.000000)
[T=222295000] Audio Out[192] = xxxx (0.000000)
[T=222475000] Audio Out[193] = xxxx (0.000000)
[T=222655000] Audio Out[194] = xxxx (0.000000)
[T=222835000] Audio Out[195] = xxxx (0.000000)
[T=223015000] Audio Out[196] = xxxx (0.000000)
[T=223195000] Audio Out[197] = xxxx (0.000000)
[T=223375000] Audio Out[198] = xxxx (0.000000)
[T=223555000] Audio Out[199] = xxxx (0.000000)
[T=223735000] Audio Out[200] = xxxx (0.000000)
[T=223915000] Audio Out[201] = xxxx (0.000000)
[T=224095000] Audio Out[202] = xxxx (0.000000)
[T=224275000] Audio Out[203] = xxxx (0.000000)
[T=224455000] Audio Out[204] = xxxx (0.000000)
[T=224635000] Audio Out[205] = xxxx (0.000000)
[T=224815000] Audio Out[206] = xxxx (0.000000)
[T=224995000] Audio Out[207] = xxxx (0.000000)
[T=225175000] Audio Out[208] = xxxx (0.000000)
[T=225355000] Audio Out[209] = xxxx (0.000000)
[T=225535000] Audio Out[210] = xxxx (0.000000)
[T=225715000] Audio Out[211] = xxxx (0.000000)
[T=225895000] Audio Out[212] = xxxx (0.000000)
[T=226075000] Audio Out[213] = xxxx (0.000000)
[T=226255000] Audio Out[214] = xxxx (0.000000)
[T=226435000] Audio Out[215] = xxxx (0.000000)
[T=226615000] Audio Out[216] = xxxx (0.000000)
[T=226795000] Audio Out[217] = xxxx (0.000000)
[T=226975000] Audio Out[218] = xxxx (0.000000)
[T=227155000] Audio Out[219] = xxxx (0.000000)
[T=227335000] Audio Out[220] = xxxx (0.000000)
[T=227515000] Audio Out[221] = xxxx (0.000000)
[T=227695000] Audio Out[222] = xxxx (0.000000)
[T=227875000] Audio Out[223] = xxxx (0.000000)
[T=228055000] Audio Out[224] = xxxx (0.000000)
[T=228235000] Audio Out[225] = xxxx (0.000000)
[T=228415000] Audio Out[226] = xxxx (0.000000)
[T=228595000] Audio Out[227] = xxxx (0.000000)
[T=228775000] Audio Out[228] = xxxx (0.000000)
[T=228955000] Audio Out[229] = xxxx (0.000000)
[T=229135000] Audio Out[230] = xxxx (0.000000)
[T=229315000] Audio Out[231] = xxxx (0.000000)
[T=229495000] Audio Out[232] = xxxx (0.000000)
[T=229675000] Audio Out[233] = xxxx (0.000000)
[T=229855000] Audio Out[234] = xxxx (0.000000)
[T=230035000] Audio Out[235] = xxxx (0.000000)
[T=230215000] Audio Out[236] = xxxx (0.000000)
[T=230395000] Audio Out[237] = xxxx (0.000000)
[T=230575000] Audio Out[238] = xxxx (0.000000)
[T=230755000] Audio Out[239] = xxxx (0.000000)
[T=230935000] Audio Out[240] = xxxx (0.000000)
[T=231115000] Audio Out[241] = xxxx (0.000000)
[T=231295000] Audio Out[242] = xxxx (0.000000)
[T=231475000] Audio Out[243] = xxxx (0.000000)
[T=231655000] Audio Out[244] = xxxx (0.000000)
[T=231835000] Audio Out[245] = xxxx (0.000000)
[T=232015000] Audio Out[246] = xxxx (0.000000)
[T=232195000] Audio Out[247] = xxxx (0.000000)
[T=232375000] Audio Out[248] = xxxx (0.000000)
[T=232555000] Audio Out[249] = xxxx (0.000000)
[T=232735000] Audio Out[250] = xxxx (0.000000)
[T=232915000] Audio Out[251] = xxxx (0.000000)
[T=233095000] Audio Out[252] = xxxx (0.000000)
[T=233275000] Audio Out[253] = xxxx (0.000000)
[T=233455000] Audio Out[254] = xxxx (0.000000)
[T=233635000] Audio Out[255] = xxxx (0.000000)
[TEST 1] Completed - 256 audio samples produced
[PERF] Cycles: 1, Samples: 256, Throughput: 256.000000 samples/cycle

========================================
Statistical Analysis
========================================
Mean Input:  0.003906
Mean Output: 0.000000
Avg |Diff|:  0.003906
Max |Diff|:  1.000000
========================================


[TEST 2] Square Wave Input

[TASK] Sending 256 generator output samples...
[TASK] Generator output transmission complete (256 samples)
[T=421515000] Audio Out[0] = xxxx (0.000000)
[T=421695000] Audio Out[1] = xxxx (0.000000)
[T=421875000] Audio Out[2] = xxxx (0.000000)
[T=422055000] Audio Out[3] = xxxx (0.000000)
[T=422235000] Audio Out[4] = xxxx (0.000000)
[T=422415000] Audio Out[5] = xxxx (0.000000)
[T=422595000] Audio Out[6] = xxxx (0.000000)
[T=422775000] Audio Out[7] = xxxx (0.000000)
[T=422955000] Audio Out[8] = xxxx (0.000000)
[T=423135000] Audio Out[9] = xxxx (0.000000)
[T=423315000] Audio Out[10] = xxxx (0.000000)
[T=423495000] Audio Out[11] = xxxx (0.000000)
[T=423675000] Audio Out[12] = xxxx (0.000000)
[T=423855000] Audio Out[13] = xxxx (0.000000)
[T=424035000] Audio Out[14] = xxxx (0.000000)
[T=424215000] Audio Out[15] = xxxx (0.000000)
[T=424395000] Audio Out[16] = xxxx (0.000000)
[T=424575000] Audio Out[17] = xxxx (0.000000)
[T=424755000] Audio Out[18] = xxxx (0.000000)
[T=424935000] Audio Out[19] = xxxx (0.000000)
[T=425115000] Audio Out[20] = xxxx (0.000000)
[T=425295000] Audio Out[21] = xxxx (0.000000)
[T=425475000] Audio Out[22] = xxxx (0.000000)
[T=425655000] Audio Out[23] = xxxx (0.000000)
[T=425835000] Audio Out[24] = xxxx (0.000000)
[T=426015000] Audio Out[25] = xxxx (0.000000)
[T=426195000] Audio Out[26] = xxxx (0.000000)
[T=426375000] Audio Out[27] = xxxx (0.000000)
[T=426555000] Audio Out[28] = xxxx (0.000000)
[T=426735000] Audio Out[29] = xxxx (0.000000)
[T=426915000] Audio Out[30] = xxxx (0.000000)
[T=427095000] Audio Out[31] = xxxx (0.000000)
[T=427275000] Audio Out[32] = xxxx (0.000000)
[T=427455000] Audio Out[33] = xxxx (0.000000)
[T=427635000] Audio Out[34] = xxxx (0.000000)
[T=427815000] Audio Out[35] = xxxx (0.000000)
[T=427995000] Audio Out[36] = xxxx (0.000000)
[T=428175000] Audio Out[37] = xxxx (0.000000)
[T=428355000] Audio Out[38] = xxxx (0.000000)
[T=428535000] Audio Out[39] = xxxx (0.000000)
[T=428715000] Audio Out[40] = xxxx (0.000000)
[T=428895000] Audio Out[41] = xxxx (0.000000)
[T=429075000] Audio Out[42] = xxxx (0.000000)
[T=429255000] Audio Out[43] = xxxx (0.000000)
[T=429435000] Audio Out[44] = xxxx (0.000000)
[T=429615000] Audio Out[45] = xxxx (0.000000)
[T=429795000] Audio Out[46] = xxxx (0.000000)
[T=429975000] Audio Out[47] = xxxx (0.000000)
[T=430155000] Audio Out[48] = xxxx (0.000000)
[T=430335000] Audio Out[49] = xxxx (0.000000)
[T=430515000] Audio Out[50] = xxxx (0.000000)
[T=430695000] Audio Out[51] = xxxx (0.000000)
[T=430875000] Audio Out[52] = xxxx (0.000000)
[T=431055000] Audio Out[53] = xxxx (0.000000)
[T=431235000] Audio Out[54] = xxxx (0.000000)
[T=431415000] Audio Out[55] = xxxx (0.000000)
[T=431595000] Audio Out[56] = xxxx (0.000000)
[T=431775000] Audio Out[57] = xxxx (0.000000)
[T=431955000] Audio Out[58] = xxxx (0.000000)
[T=432135000] Audio Out[59] = xxxx (0.000000)
[T=432315000] Audio Out[60] = xxxx (0.000000)
[T=432495000] Audio Out[61] = xxxx (0.000000)
[T=432675000] Audio Out[62] = xxxx (0.000000)
[T=432855000] Audio Out[63] = xxxx (0.000000)
[T=433035000] Audio Out[64] = xxxx (0.000000)
[T=433215000] Audio Out[65] = xxxx (0.000000)
[T=433395000] Audio Out[66] = xxxx (0.000000)
[T=433575000] Audio Out[67] = xxxx (0.000000)
[T=433755000] Audio Out[68] = xxxx (0.000000)
[T=433935000] Audio Out[69] = xxxx (0.000000)
[T=434115000] Audio Out[70] = xxxx (0.000000)
[T=434295000] Audio Out[71] = xxxx (0.000000)
[T=434475000] Audio Out[72] = xxxx (0.000000)
[T=434655000] Audio Out[73] = xxxx (0.000000)
[T=434835000] Audio Out[74] = xxxx (0.000000)
[T=435015000] Audio Out[75] = xxxx (0.000000)
[T=435195000] Audio Out[76] = xxxx (0.000000)
[T=435375000] Audio Out[77] = xxxx (0.000000)
[T=435555000] Audio Out[78] = xxxx (0.000000)
[T=435735000] Audio Out[79] = xxxx (0.000000)
[T=435915000] Audio Out[80] = xxxx (0.000000)
[T=436095000] Audio Out[81] = xxxx (0.000000)
[T=436275000] Audio Out[82] = xxxx (0.000000)
[T=436455000] Audio Out[83] = xxxx (0.000000)
[T=436635000] Audio Out[84] = xxxx (0.000000)
[T=436815000] Audio Out[85] = xxxx (0.000000)
[T=436995000] Audio Out[86] = xxxx (0.000000)
[T=437175000] Audio Out[87] = xxxx (0.000000)
[T=437355000] Audio Out[88] = xxxx (0.000000)
[T=437535000] Audio Out[89] = xxxx (0.000000)
[T=437715000] Audio Out[90] = xxxx (0.000000)
[T=437895000] Audio Out[91] = xxxx (0.000000)
[T=438075000] Audio Out[92] = xxxx (0.000000)
[T=438255000] Audio Out[93] = xxxx (0.000000)
[T=438435000] Audio Out[94] = xxxx (0.000000)
[T=438615000] Audio Out[95] = xxxx (0.000000)
[T=438795000] Audio Out[96] = xxxx (0.000000)
[T=438975000] Audio Out[97] = xxxx (0.000000)
[T=439155000] Audio Out[98] = xxxx (0.000000)
[T=439335000] Audio Out[99] = xxxx (0.000000)
[T=439515000] Audio Out[100] = xxxx (0.000000)
[T=439695000] Audio Out[101] = xxxx (0.000000)
[T=439875000] Audio Out[102] = xxxx (0.000000)
[T=440055000] Audio Out[103] = xxxx (0.000000)
[T=440235000] Audio Out[104] = xxxx (0.000000)
[T=440415000] Audio Out[105] = xxxx (0.000000)
[T=440595000] Audio Out[106] = xxxx (0.000000)
[T=440775000] Audio Out[107] = xxxx (0.000000)
[T=440955000] Audio Out[108] = xxxx (0.000000)
[T=441135000] Audio Out[109] = xxxx (0.000000)
[T=441315000] Audio Out[110] = xxxx (0.000000)
[T=441495000] Audio Out[111] = xxxx (0.000000)
[T=441675000] Audio Out[112] = xxxx (0.000000)
[T=441855000] Audio Out[113] = xxxx (0.000000)
[T=442035000] Audio Out[114] = xxxx (0.000000)
[T=442215000] Audio Out[115] = xxxx (0.000000)
[T=442395000] Audio Out[116] = xxxx (0.000000)
[T=442575000] Audio Out[117] = xxxx (0.000000)
[T=442755000] Audio Out[118] = xxxx (0.000000)
[T=442935000] Audio Out[119] = xxxx (0.000000)
[T=443115000] Audio Out[120] = xxxx (0.000000)
[T=443295000] Audio Out[121] = xxxx (0.000000)
[T=443475000] Audio Out[122] = xxxx (0.000000)
[T=443655000] Audio Out[123] = xxxx (0.000000)
[T=443835000] Audio Out[124] = xxxx (0.000000)
[T=444015000] Audio Out[125] = xxxx (0.000000)
[T=444195000] Audio Out[126] = xxxx (0.000000)
[T=444375000] Audio Out[127] = xxxx (0.000000)
[T=444555000] Audio Out[128] = xxxx (0.000000)
[T=444735000] Audio Out[129] = xxxx (0.000000)
[T=444915000] Audio Out[130] = xxxx (0.000000)
[T=445095000] Audio Out[131] = xxxx (0.000000)
[T=445275000] Audio Out[132] = xxxx (0.000000)
[T=445455000] Audio Out[133] = xxxx (0.000000)
[T=445635000] Audio Out[134] = xxxx (0.000000)
[T=445815000] Audio Out[135] = xxxx (0.000000)
[T=445995000] Audio Out[136] = xxxx (0.000000)
[T=446175000] Audio Out[137] = xxxx (0.000000)
[T=446355000] Audio Out[138] = xxxx (0.000000)
[T=446535000] Audio Out[139] = xxxx (0.000000)
[T=446715000] Audio Out[140] = xxxx (0.000000)
[T=446895000] Audio Out[141] = xxxx (0.000000)
[T=447075000] Audio Out[142] = xxxx (0.000000)
[T=447255000] Audio Out[143] = xxxx (0.000000)
[T=447435000] Audio Out[144] = xxxx (0.000000)
[T=447615000] Audio Out[145] = xxxx (0.000000)
[T=447795000] Audio Out[146] = xxxx (0.000000)
[T=447975000] Audio Out[147] = xxxx (0.000000)
[T=448155000] Audio Out[148] = xxxx (0.000000)
[T=448335000] Audio Out[149] = xxxx (0.000000)
[T=448515000] Audio Out[150] = xxxx (0.000000)
[T=448695000] Audio Out[151] = xxxx (0.000000)
[T=448875000] Audio Out[152] = xxxx (0.000000)
[T=449055000] Audio Out[153] = xxxx (0.000000)
[T=449235000] Audio Out[154] = xxxx (0.000000)
[T=449415000] Audio Out[155] = xxxx (0.000000)
[T=449595000] Audio Out[156] = xxxx (0.000000)
[T=449775000] Audio Out[157] = xxxx (0.000000)
[T=449955000] Audio Out[158] = xxxx (0.000000)
[T=450135000] Audio Out[159] = xxxx (0.000000)
[T=450315000] Audio Out[160] = xxxx (0.000000)
[T=450495000] Audio Out[161] = xxxx (0.000000)
[T=450675000] Audio Out[162] = xxxx (0.000000)
[T=450855000] Audio Out[163] = xxxx (0.000000)
[T=451035000] Audio Out[164] = xxxx (0.000000)
[T=451215000] Audio Out[165] = xxxx (0.000000)
[T=451395000] Audio Out[166] = xxxx (0.000000)
[T=451575000] Audio Out[167] = xxxx (0.000000)
[T=451755000] Audio Out[168] = xxxx (0.000000)
[T=451935000] Audio Out[169] = xxxx (0.000000)
[T=452115000] Audio Out[170] = xxxx (0.000000)
[T=452295000] Audio Out[171] = xxxx (0.000000)
[T=452475000] Audio Out[172] = xxxx (0.000000)
[T=452655000] Audio Out[173] = xxxx (0.000000)
[T=452835000] Audio Out[174] = xxxx (0.000000)
[T=453015000] Audio Out[175] = xxxx (0.000000)
[T=453195000] Audio Out[176] = xxxx (0.000000)
[T=453375000] Audio Out[177] = xxxx (0.000000)
[T=453555000] Audio Out[178] = xxxx (0.000000)
[T=453735000] Audio Out[179] = xxxx (0.000000)
[T=453915000] Audio Out[180] = xxxx (0.000000)
[T=454095000] Audio Out[181] = xxxx (0.000000)
[T=454275000] Audio Out[182] = xxxx (0.000000)
[T=454455000] Audio Out[183] = xxxx (0.000000)
[T=454635000] Audio Out[184] = xxxx (0.000000)
[T=454815000] Audio Out[185] = xxxx (0.000000)
[T=454995000] Audio Out[186] = xxxx (0.000000)
[T=455175000] Audio Out[187] = xxxx (0.000000)
[T=455355000] Audio Out[188] = xxxx (0.000000)
[T=455535000] Audio Out[189] = xxxx (0.000000)
[T=455715000] Audio Out[190] = xxxx (0.000000)
[T=455895000] Audio Out[191] = xxxx (0.000000)
[T=456075000] Audio Out[192] = xxxx (0.000000)
[T=456255000] Audio Out[193] = xxxx (0.000000)
[T=456435000] Audio Out[194] = xxxx (0.000000)
[T=456615000] Audio Out[195] = xxxx (0.000000)
[T=456795000] Audio Out[196] = xxxx (0.000000)
[T=456975000] Audio Out[197] = xxxx (0.000000)
[T=457155000] Audio Out[198] = xxxx (0.000000)
[T=457335000] Audio Out[199] = xxxx (0.000000)
[T=457515000] Audio Out[200] = xxxx (0.000000)
[T=457695000] Audio Out[201] = xxxx (0.000000)
[T=457875000] Audio Out[202] = xxxx (0.000000)
[T=458055000] Audio Out[203] = xxxx (0.000000)
[T=458235000] Audio Out[204] = xxxx (0.000000)
[T=458415000] Audio Out[205] = xxxx (0.000000)
[T=458595000] Audio Out[206] = xxxx (0.000000)
[T=458775000] Audio Out[207] = xxxx (0.000000)
[T=458955000] Audio Out[208] = xxxx (0.000000)
[T=459135000] Audio Out[209] = xxxx (0.000000)
[T=459315000] Audio Out[210] = xxxx (0.000000)
[T=459495000] Audio Out[211] = xxxx (0.000000)
[T=459675000] Audio Out[212] = xxxx (0.000000)
[T=459855000] Audio Out[213] = xxxx (0.000000)
[T=460035000] Audio Out[214] = xxxx (0.000000)
[T=460215000] Audio Out[215] = xxxx (0.000000)
[T=460395000] Audio Out[216] = xxxx (0.000000)
[T=460575000] Audio Out[217] = xxxx (0.000000)
[T=460755000] Audio Out[218] = xxxx (0.000000)
[T=460935000] Audio Out[219] = xxxx (0.000000)
[T=461115000] Audio Out[220] = xxxx (0.000000)
[T=461295000] Audio Out[221] = xxxx (0.000000)
[T=461475000] Audio Out[222] = xxxx (0.000000)
[T=461655000] Audio Out[223] = xxxx (0.000000)
[T=461835000] Audio Out[224] = xxxx (0.000000)
[T=462015000] Audio Out[225] = xxxx (0.000000)
[T=462195000] Audio Out[226] = xxxx (0.000000)
[T=462375000] Audio Out[227] = xxxx (0.000000)
[T=462555000] Audio Out[228] = xxxx (0.000000)
[T=462735000] Audio Out[229] = xxxx (0.000000)
[T=462915000] Audio Out[230] = xxxx (0.000000)
[T=463095000] Audio Out[231] = xxxx (0.000000)
[T=463275000] Audio Out[232] = xxxx (0.000000)
[T=463455000] Audio Out[233] = xxxx (0.000000)
[T=463635000] Audio Out[234] = xxxx (0.000000)
[T=463815000] Audio Out[235] = xxxx (0.000000)
[T=463995000] Audio Out[236] = xxxx (0.000000)
[T=464175000] Audio Out[237] = xxxx (0.000000)
[T=464355000] Audio Out[238] = xxxx (0.000000)
[T=464535000] Audio Out[239] = xxxx (0.000000)
[T=464715000] Audio Out[240] = xxxx (0.000000)
[T=464895000] Audio Out[241] = xxxx (0.000000)
[T=465075000] Audio Out[242] = xxxx (0.000000)
[T=465255000] Audio Out[243] = xxxx (0.000000)
[T=465435000] Audio Out[244] = xxxx (0.000000)
[T=465615000] Audio Out[245] = xxxx (0.000000)
[T=465795000] Audio Out[246] = xxxx (0.000000)
[T=465975000] Audio Out[247] = xxxx (0.000000)
[T=466155000] Audio Out[248] = xxxx (0.000000)
[T=466335000] Audio Out[249] = xxxx (0.000000)
[T=466515000] Audio Out[250] = xxxx (0.000000)
[T=466695000] Audio Out[251] = xxxx (0.000000)
[T=466875000] Audio Out[252] = xxxx (0.000000)
[T=467055000] Audio Out[253] = xxxx (0.000000)
[T=467235000] Audio Out[254] = xxxx (0.000000)
[T=467415000] Audio Out[255] = xxxx (0.000000)
[TEST 2] Completed - 256 audio samples produced
[PERF] Cycles: 1, Samples: 256, Throughput: 256.000000 samples/cycle

========================================
Statistical Analysis
========================================
Mean Input:  0.000000
Mean Output: 0.000000
Avg |Diff|:  0.750000
Max |Diff|:  0.750000
========================================


[TEST 3] Ramp Wave Input

[TASK] Sending 256 generator output samples...
[TASK] Generator output transmission complete (256 samples)
[T=655295000] Audio Out[0] = xxxx (0.000000)
[T=655475000] Audio Out[1] = xxxx (0.000000)
[T=655655000] Audio Out[2] = xxxx (0.000000)
[T=655835000] Audio Out[3] = xxxx (0.000000)
[T=656015000] Audio Out[4] = xxxx (0.000000)
[T=656195000] Audio Out[5] = xxxx (0.000000)
[T=656375000] Audio Out[6] = xxxx (0.000000)
[T=656555000] Audio Out[7] = xxxx (0.000000)
[T=656735000] Audio Out[8] = xxxx (0.000000)
[T=656915000] Audio Out[9] = xxxx (0.000000)
[T=657095000] Audio Out[10] = xxxx (0.000000)
[T=657275000] Audio Out[11] = xxxx (0.000000)
[T=657455000] Audio Out[12] = xxxx (0.000000)
[T=657635000] Audio Out[13] = xxxx (0.000000)
[T=657815000] Audio Out[14] = xxxx (0.000000)
[T=657995000] Audio Out[15] = xxxx (0.000000)
[T=658175000] Audio Out[16] = xxxx (0.000000)
[T=658355000] Audio Out[17] = xxxx (0.000000)
[T=658535000] Audio Out[18] = xxxx (0.000000)
[T=658715000] Audio Out[19] = xxxx (0.000000)
[T=658895000] Audio Out[20] = xxxx (0.000000)
[T=659075000] Audio Out[21] = xxxx (0.000000)
[T=659255000] Audio Out[22] = xxxx (0.000000)
[T=659435000] Audio Out[23] = xxxx (0.000000)
[T=659615000] Audio Out[24] = xxxx (0.000000)
[T=659795000] Audio Out[25] = xxxx (0.000000)
[T=659975000] Audio Out[26] = xxxx (0.000000)
[T=660155000] Audio Out[27] = xxxx (0.000000)
[T=660335000] Audio Out[28] = xxxx (0.000000)
[T=660515000] Audio Out[29] = xxxx (0.000000)
[T=660695000] Audio Out[30] = xxxx (0.000000)
[T=660875000] Audio Out[31] = xxxx (0.000000)
[T=661055000] Audio Out[32] = xxxx (0.000000)
[T=661235000] Audio Out[33] = xxxx (0.000000)
[T=661415000] Audio Out[34] = xxxx (0.000000)
[T=661595000] Audio Out[35] = xxxx (0.000000)
[T=661775000] Audio Out[36] = xxxx (0.000000)
[T=661955000] Audio Out[37] = xxxx (0.000000)
[T=662135000] Audio Out[38] = xxxx (0.000000)
[T=662315000] Audio Out[39] = xxxx (0.000000)
[T=662495000] Audio Out[40] = xxxx (0.000000)
[T=662675000] Audio Out[41] = xxxx (0.000000)
[T=662855000] Audio Out[42] = xxxx (0.000000)
[T=663035000] Audio Out[43] = xxxx (0.000000)
[T=663215000] Audio Out[44] = xxxx (0.000000)
[T=663395000] Audio Out[45] = xxxx (0.000000)
[T=663575000] Audio Out[46] = xxxx (0.000000)
[T=663755000] Audio Out[47] = xxxx (0.000000)
[T=663935000] Audio Out[48] = xxxx (0.000000)
[T=664115000] Audio Out[49] = xxxx (0.000000)
[T=664295000] Audio Out[50] = xxxx (0.000000)
[T=664475000] Audio Out[51] = xxxx (0.000000)
[T=664655000] Audio Out[52] = xxxx (0.000000)
[T=664835000] Audio Out[53] = xxxx (0.000000)
[T=665015000] Audio Out[54] = xxxx (0.000000)
[T=665195000] Audio Out[55] = xxxx (0.000000)
[T=665375000] Audio Out[56] = xxxx (0.000000)
[T=665555000] Audio Out[57] = xxxx (0.000000)
[T=665735000] Audio Out[58] = xxxx (0.000000)
[T=665915000] Audio Out[59] = xxxx (0.000000)
[T=666095000] Audio Out[60] = xxxx (0.000000)
[T=666275000] Audio Out[61] = xxxx (0.000000)
[T=666455000] Audio Out[62] = xxxx (0.000000)
[T=666635000] Audio Out[63] = xxxx (0.000000)
[T=666815000] Audio Out[64] = xxxx (0.000000)
[T=666995000] Audio Out[65] = xxxx (0.000000)
[T=667175000] Audio Out[66] = xxxx (0.000000)
[T=667355000] Audio Out[67] = xxxx (0.000000)
[T=667535000] Audio Out[68] = xxxx (0.000000)
[T=667715000] Audio Out[69] = xxxx (0.000000)
[T=667895000] Audio Out[70] = xxxx (0.000000)
[T=668075000] Audio Out[71] = xxxx (0.000000)
[T=668255000] Audio Out[72] = xxxx (0.000000)
[T=668435000] Audio Out[73] = xxxx (0.000000)
[T=668615000] Audio Out[74] = xxxx (0.000000)
[T=668795000] Audio Out[75] = xxxx (0.000000)
[T=668975000] Audio Out[76] = xxxx (0.000000)
[T=669155000] Audio Out[77] = xxxx (0.000000)
[T=669335000] Audio Out[78] = xxxx (0.000000)
[T=669515000] Audio Out[79] = xxxx (0.000000)
[T=669695000] Audio Out[80] = xxxx (0.000000)
[T=669875000] Audio Out[81] = xxxx (0.000000)
[T=670055000] Audio Out[82] = xxxx (0.000000)
[T=670235000] Audio Out[83] = xxxx (0.000000)
[T=670415000] Audio Out[84] = xxxx (0.000000)
[T=670595000] Audio Out[85] = xxxx (0.000000)
[T=670775000] Audio Out[86] = xxxx (0.000000)
[T=670955000] Audio Out[87] = xxxx (0.000000)
[T=671135000] Audio Out[88] = xxxx (0.000000)
[T=671315000] Audio Out[89] = xxxx (0.000000)
[T=671495000] Audio Out[90] = xxxx (0.000000)
[T=671675000] Audio Out[91] = xxxx (0.000000)
[T=671855000] Audio Out[92] = xxxx (0.000000)
[T=672035000] Audio Out[93] = xxxx (0.000000)
[T=672215000] Audio Out[94] = xxxx (0.000000)
[T=672395000] Audio Out[95] = xxxx (0.000000)
[T=672575000] Audio Out[96] = xxxx (0.000000)
[T=672755000] Audio Out[97] = xxxx (0.000000)
[T=672935000] Audio Out[98] = xxxx (0.000000)
[T=673115000] Audio Out[99] = xxxx (0.000000)
[T=673295000] Audio Out[100] = xxxx (0.000000)
[T=673475000] Audio Out[101] = xxxx (0.000000)
[T=673655000] Audio Out[102] = xxxx (0.000000)
[T=673835000] Audio Out[103] = xxxx (0.000000)
[T=674015000] Audio Out[104] = xxxx (0.000000)
[T=674195000] Audio Out[105] = xxxx (0.000000)
[T=674375000] Audio Out[106] = xxxx (0.000000)
[T=674555000] Audio Out[107] = xxxx (0.000000)
[T=674735000] Audio Out[108] = xxxx (0.000000)
[T=674915000] Audio Out[109] = xxxx (0.000000)
[T=675095000] Audio Out[110] = xxxx (0.000000)
[T=675275000] Audio Out[111] = xxxx (0.000000)
[T=675455000] Audio Out[112] = xxxx (0.000000)
[T=675635000] Audio Out[113] = xxxx (0.000000)
[T=675815000] Audio Out[114] = xxxx (0.000000)
[T=675995000] Audio Out[115] = xxxx (0.000000)
[T=676175000] Audio Out[116] = xxxx (0.000000)
[T=676355000] Audio Out[117] = xxxx (0.000000)
[T=676535000] Audio Out[118] = xxxx (0.000000)
[T=676715000] Audio Out[119] = xxxx (0.000000)
[T=676895000] Audio Out[120] = xxxx (0.000000)
[T=677075000] Audio Out[121] = xxxx (0.000000)
[T=677255000] Audio Out[122] = xxxx (0.000000)
[T=677435000] Audio Out[123] = xxxx (0.000000)
[T=677615000] Audio Out[124] = xxxx (0.000000)
[T=677795000] Audio Out[125] = xxxx (0.000000)
[T=677975000] Audio Out[126] = xxxx (0.000000)
[T=678155000] Audio Out[127] = xxxx (0.000000)
[T=678335000] Audio Out[128] = xxxx (0.000000)
[T=678515000] Audio Out[129] = xxxx (0.000000)
[T=678695000] Audio Out[130] = xxxx (0.000000)
[T=678875000] Audio Out[131] = xxxx (0.000000)
[T=679055000] Audio Out[132] = xxxx (0.000000)
[T=679235000] Audio Out[133] = xxxx (0.000000)
[T=679415000] Audio Out[134] = xxxx (0.000000)
[T=679595000] Audio Out[135] = xxxx (0.000000)
[T=679775000] Audio Out[136] = xxxx (0.000000)
[T=679955000] Audio Out[137] = xxxx (0.000000)
[T=680135000] Audio Out[138] = xxxx (0.000000)
[T=680315000] Audio Out[139] = xxxx (0.000000)
[T=680495000] Audio Out[140] = xxxx (0.000000)
[T=680675000] Audio Out[141] = xxxx (0.000000)
[T=680855000] Audio Out[142] = xxxx (0.000000)
[T=681035000] Audio Out[143] = xxxx (0.000000)
[T=681215000] Audio Out[144] = xxxx (0.000000)
[T=681395000] Audio Out[145] = xxxx (0.000000)
[T=681575000] Audio Out[146] = xxxx (0.000000)
[T=681755000] Audio Out[147] = xxxx (0.000000)
[T=681935000] Audio Out[148] = xxxx (0.000000)
[T=682115000] Audio Out[149] = xxxx (0.000000)
[T=682295000] Audio Out[150] = xxxx (0.000000)
[T=682475000] Audio Out[151] = xxxx (0.000000)
[T=682655000] Audio Out[152] = xxxx (0.000000)
[T=682835000] Audio Out[153] = xxxx (0.000000)
[T=683015000] Audio Out[154] = xxxx (0.000000)
[T=683195000] Audio Out[155] = xxxx (0.000000)
[T=683375000] Audio Out[156] = xxxx (0.000000)
[T=683555000] Audio Out[157] = xxxx (0.000000)
[T=683735000] Audio Out[158] = xxxx (0.000000)
[T=683915000] Audio Out[159] = xxxx (0.000000)
[T=684095000] Audio Out[160] = xxxx (0.000000)
[T=684275000] Audio Out[161] = xxxx (0.000000)
[T=684455000] Audio Out[162] = xxxx (0.000000)
[T=684635000] Audio Out[163] = xxxx (0.000000)
[T=684815000] Audio Out[164] = xxxx (0.000000)
[T=684995000] Audio Out[165] = xxxx (0.000000)
[T=685175000] Audio Out[166] = xxxx (0.000000)
[T=685355000] Audio Out[167] = xxxx (0.000000)
[T=685535000] Audio Out[168] = xxxx (0.000000)
[T=685715000] Audio Out[169] = xxxx (0.000000)
[T=685895000] Audio Out[170] = xxxx (0.000000)
[T=686075000] Audio Out[171] = xxxx (0.000000)
[T=686255000] Audio Out[172] = xxxx (0.000000)
[T=686435000] Audio Out[173] = xxxx (0.000000)
[T=686615000] Audio Out[174] = xxxx (0.000000)
[T=686795000] Audio Out[175] = xxxx (0.000000)
[T=686975000] Audio Out[176] = xxxx (0.000000)
[T=687155000] Audio Out[177] = xxxx (0.000000)
[T=687335000] Audio Out[178] = xxxx (0.000000)
[T=687515000] Audio Out[179] = xxxx (0.000000)
[T=687695000] Audio Out[180] = xxxx (0.000000)
[T=687875000] Audio Out[181] = xxxx (0.000000)
[T=688055000] Audio Out[182] = xxxx (0.000000)
[T=688235000] Audio Out[183] = xxxx (0.000000)
[T=688415000] Audio Out[184] = xxxx (0.000000)
[T=688595000] Audio Out[185] = xxxx (0.000000)
[T=688775000] Audio Out[186] = xxxx (0.000000)
[T=688955000] Audio Out[187] = xxxx (0.000000)
[T=689135000] Audio Out[188] = xxxx (0.000000)
[T=689315000] Audio Out[189] = xxxx (0.000000)
[T=689495000] Audio Out[190] = xxxx (0.000000)
[T=689675000] Audio Out[191] = xxxx (0.000000)
[T=689855000] Audio Out[192] = xxxx (0.000000)
[T=690035000] Audio Out[193] = xxxx (0.000000)
[T=690215000] Audio Out[194] = xxxx (0.000000)
[T=690395000] Audio Out[195] = xxxx (0.000000)
[T=690575000] Audio Out[196] = xxxx (0.000000)
[T=690755000] Audio Out[197] = xxxx (0.000000)
[T=690935000] Audio Out[198] = xxxx (0.000000)
[T=691115000] Audio Out[199] = xxxx (0.000000)
[T=691295000] Audio Out[200] = xxxx (0.000000)
[T=691475000] Audio Out[201] = xxxx (0.000000)
[T=691655000] Audio Out[202] = xxxx (0.000000)
[T=691835000] Audio Out[203] = xxxx (0.000000)
[T=692015000] Audio Out[204] = xxxx (0.000000)
[T=692195000] Audio Out[205] = xxxx (0.000000)
[T=692375000] Audio Out[206] = xxxx (0.000000)
[T=692555000] Audio Out[207] = xxxx (0.000000)
[T=692735000] Audio Out[208] = xxxx (0.000000)
[T=692915000] Audio Out[209] = xxxx (0.000000)
[T=693095000] Audio Out[210] = xxxx (0.000000)
[T=693275000] Audio Out[211] = xxxx (0.000000)
[T=693455000] Audio Out[212] = xxxx (0.000000)
[T=693635000] Audio Out[213] = xxxx (0.000000)
[T=693815000] Audio Out[214] = xxxx (0.000000)
[T=693995000] Audio Out[215] = xxxx (0.000000)
[T=694175000] Audio Out[216] = xxxx (0.000000)
[T=694355000] Audio Out[217] = xxxx (0.000000)
[T=694535000] Audio Out[218] = xxxx (0.000000)
[T=694715000] Audio Out[219] = xxxx (0.000000)
[T=694895000] Audio Out[220] = xxxx (0.000000)
[T=695075000] Audio Out[221] = xxxx (0.000000)
[T=695255000] Audio Out[222] = xxxx (0.000000)
[T=695435000] Audio Out[223] = xxxx (0.000000)
[T=695615000] Audio Out[224] = xxxx (0.000000)
[T=695795000] Audio Out[225] = xxxx (0.000000)
[T=695975000] Audio Out[226] = xxxx (0.000000)
[T=696155000] Audio Out[227] = xxxx (0.000000)
[T=696335000] Audio Out[228] = xxxx (0.000000)
[T=696515000] Audio Out[229] = xxxx (0.000000)
[T=696695000] Audio Out[230] = xxxx (0.000000)
[T=696875000] Audio Out[231] = xxxx (0.000000)
[T=697055000] Audio Out[232] = xxxx (0.000000)
[T=697235000] Audio Out[233] = xxxx (0.000000)
[T=697415000] Audio Out[234] = xxxx (0.000000)
[T=697595000] Audio Out[235] = xxxx (0.000000)
[T=697775000] Audio Out[236] = xxxx (0.000000)
[T=697955000] Audio Out[237] = xxxx (0.000000)
[T=698135000] Audio Out[238] = xxxx (0.000000)
[T=698315000] Audio Out[239] = xxxx (0.000000)
[T=698495000] Audio Out[240] = xxxx (0.000000)
[T=698675000] Audio Out[241] = xxxx (0.000000)
[T=698855000] Audio Out[242] = xxxx (0.000000)
[T=699035000] Audio Out[243] = xxxx (0.000000)
[T=699215000] Audio Out[244] = xxxx (0.000000)
[T=699395000] Audio Out[245] = xxxx (0.000000)
[T=699575000] Audio Out[246] = xxxx (0.000000)
[T=699755000] Audio Out[247] = xxxx (0.000000)
[T=699935000] Audio Out[248] = xxxx (0.000000)
[T=700115000] Audio Out[249] = xxxx (0.000000)
[T=700295000] Audio Out[250] = xxxx (0.000000)
[T=700475000] Audio Out[251] = xxxx (0.000000)
[T=700655000] Audio Out[252] = xxxx (0.000000)
[T=700835000] Audio Out[253] = xxxx (0.000000)
[T=701015000] Audio Out[254] = xxxx (0.000000)
[T=701195000] Audio Out[255] = xxxx (0.000000)
[TEST 3] Completed - 256 audio samples produced
[PERF] Cycles: 1, Samples: 256, Throughput: 256.000000 samples/cycle

========================================
Statistical Analysis
========================================
Mean Input:  -0.003906
Mean Output: 0.000000
Avg |Diff|:  0.500000
Max |Diff|:  1.000000
========================================


[TEST 4] Random Noise Input

[TASK] Sending 256 generator output samples...
[TASK] Generator output transmission complete (256 samples)
[T=889075000] Audio Out[0] = xxxx (0.000000)
[T=889255000] Audio Out[1] = xxxx (0.000000)
[T=889435000] Audio Out[2] = xxxx (0.000000)
[T=889615000] Audio Out[3] = xxxx (0.000000)
[T=889795000] Audio Out[4] = xxxx (0.000000)
[T=889975000] Audio Out[5] = xxxx (0.000000)
[T=890155000] Audio Out[6] = xxxx (0.000000)
[T=890335000] Audio Out[7] = xxxx (0.000000)
[T=890515000] Audio Out[8] = xxxx (0.000000)
[T=890695000] Audio Out[9] = xxxx (0.000000)
[T=890875000] Audio Out[10] = xxxx (0.000000)
[T=891055000] Audio Out[11] = xxxx (0.000000)
[T=891235000] Audio Out[12] = xxxx (0.000000)
[T=891415000] Audio Out[13] = xxxx (0.000000)
[T=891595000] Audio Out[14] = xxxx (0.000000)
[T=891775000] Audio Out[15] = xxxx (0.000000)
[T=891955000] Audio Out[16] = xxxx (0.000000)
[T=892135000] Audio Out[17] = xxxx (0.000000)
[T=892315000] Audio Out[18] = xxxx (0.000000)
[T=892495000] Audio Out[19] = xxxx (0.000000)
[T=892675000] Audio Out[20] = xxxx (0.000000)
[T=892855000] Audio Out[21] = xxxx (0.000000)
[T=893035000] Audio Out[22] = xxxx (0.000000)
[T=893215000] Audio Out[23] = xxxx (0.000000)
[T=893395000] Audio Out[24] = xxxx (0.000000)
[T=893575000] Audio Out[25] = xxxx (0.000000)
[T=893755000] Audio Out[26] = xxxx (0.000000)
[T=893935000] Audio Out[27] = xxxx (0.000000)
[T=894115000] Audio Out[28] = xxxx (0.000000)
[T=894295000] Audio Out[29] = xxxx (0.000000)
[T=894475000] Audio Out[30] = xxxx (0.000000)
[T=894655000] Audio Out[31] = xxxx (0.000000)
[T=894835000] Audio Out[32] = xxxx (0.000000)
[T=895015000] Audio Out[33] = xxxx (0.000000)
[T=895195000] Audio Out[34] = xxxx (0.000000)
[T=895375000] Audio Out[35] = xxxx (0.000000)
[T=895555000] Audio Out[36] = xxxx (0.000000)
[T=895735000] Audio Out[37] = xxxx (0.000000)
[T=895915000] Audio Out[38] = xxxx (0.000000)
[T=896095000] Audio Out[39] = xxxx (0.000000)
[T=896275000] Audio Out[40] = xxxx (0.000000)
[T=896455000] Audio Out[41] = xxxx (0.000000)
[T=896635000] Audio Out[42] = xxxx (0.000000)
[T=896815000] Audio Out[43] = xxxx (0.000000)
[T=896995000] Audio Out[44] = xxxx (0.000000)
[T=897175000] Audio Out[45] = xxxx (0.000000)
[T=897355000] Audio Out[46] = xxxx (0.000000)
[T=897535000] Audio Out[47] = xxxx (0.000000)
[T=897715000] Audio Out[48] = xxxx (0.000000)
[T=897895000] Audio Out[49] = xxxx (0.000000)
[T=898075000] Audio Out[50] = xxxx (0.000000)
[T=898255000] Audio Out[51] = xxxx (0.000000)
[T=898435000] Audio Out[52] = xxxx (0.000000)
[T=898615000] Audio Out[53] = xxxx (0.000000)
[T=898795000] Audio Out[54] = xxxx (0.000000)
[T=898975000] Audio Out[55] = xxxx (0.000000)
[T=899155000] Audio Out[56] = xxxx (0.000000)
[T=899335000] Audio Out[57] = xxxx (0.000000)
[T=899515000] Audio Out[58] = xxxx (0.000000)
[T=899695000] Audio Out[59] = xxxx (0.000000)
[T=899875000] Audio Out[60] = xxxx (0.000000)
[T=900055000] Audio Out[61] = xxxx (0.000000)
[T=900235000] Audio Out[62] = xxxx (0.000000)
[T=900415000] Audio Out[63] = xxxx (0.000000)
[T=900595000] Audio Out[64] = xxxx (0.000000)
[T=900775000] Audio Out[65] = xxxx (0.000000)
[T=900955000] Audio Out[66] = xxxx (0.000000)
[T=901135000] Audio Out[67] = xxxx (0.000000)
[T=901315000] Audio Out[68] = xxxx (0.000000)
[T=901495000] Audio Out[69] = xxxx (0.000000)
[T=901675000] Audio Out[70] = xxxx (0.000000)
[T=901855000] Audio Out[71] = xxxx (0.000000)
[T=902035000] Audio Out[72] = xxxx (0.000000)
[T=902215000] Audio Out[73] = xxxx (0.000000)
[T=902395000] Audio Out[74] = xxxx (0.000000)
[T=902575000] Audio Out[75] = xxxx (0.000000)
[T=902755000] Audio Out[76] = xxxx (0.000000)
[T=902935000] Audio Out[77] = xxxx (0.000000)
[T=903115000] Audio Out[78] = xxxx (0.000000)
[T=903295000] Audio Out[79] = xxxx (0.000000)
[T=903475000] Audio Out[80] = xxxx (0.000000)
[T=903655000] Audio Out[81] = xxxx (0.000000)
[T=903835000] Audio Out[82] = xxxx (0.000000)
[T=904015000] Audio Out[83] = xxxx (0.000000)
[T=904195000] Audio Out[84] = xxxx (0.000000)
[T=904375000] Audio Out[85] = xxxx (0.000000)
[T=904555000] Audio Out[86] = xxxx (0.000000)
[T=904735000] Audio Out[87] = xxxx (0.000000)
[T=904915000] Audio Out[88] = xxxx (0.000000)
[T=905095000] Audio Out[89] = xxxx (0.000000)
[T=905275000] Audio Out[90] = xxxx (0.000000)
[T=905455000] Audio Out[91] = xxxx (0.000000)
[T=905635000] Audio Out[92] = xxxx (0.000000)
[T=905815000] Audio Out[93] = xxxx (0.000000)
[T=905995000] Audio Out[94] = xxxx (0.000000)
[T=906175000] Audio Out[95] = xxxx (0.000000)
[T=906355000] Audio Out[96] = xxxx (0.000000)
[T=906535000] Audio Out[97] = xxxx (0.000000)
[T=906715000] Audio Out[98] = xxxx (0.000000)
[T=906895000] Audio Out[99] = xxxx (0.000000)
[T=907075000] Audio Out[100] = xxxx (0.000000)
[T=907255000] Audio Out[101] = xxxx (0.000000)
[T=907435000] Audio Out[102] = xxxx (0.000000)
[T=907615000] Audio Out[103] = xxxx (0.000000)
[T=907795000] Audio Out[104] = xxxx (0.000000)
[T=907975000] Audio Out[105] = xxxx (0.000000)
[T=908155000] Audio Out[106] = xxxx (0.000000)
[T=908335000] Audio Out[107] = xxxx (0.000000)
[T=908515000] Audio Out[108] = xxxx (0.000000)
[T=908695000] Audio Out[109] = xxxx (0.000000)
[T=908875000] Audio Out[110] = xxxx (0.000000)
[T=909055000] Audio Out[111] = xxxx (0.000000)
[T=909235000] Audio Out[112] = xxxx (0.000000)
[T=909415000] Audio Out[113] = xxxx (0.000000)
[T=909595000] Audio Out[114] = xxxx (0.000000)
[T=909775000] Audio Out[115] = xxxx (0.000000)
[T=909955000] Audio Out[116] = xxxx (0.000000)
[T=910135000] Audio Out[117] = xxxx (0.000000)
[T=910315000] Audio Out[118] = xxxx (0.000000)
[T=910495000] Audio Out[119] = xxxx (0.000000)
[T=910675000] Audio Out[120] = xxxx (0.000000)
[T=910855000] Audio Out[121] = xxxx (0.000000)
[T=911035000] Audio Out[122] = xxxx (0.000000)
[T=911215000] Audio Out[123] = xxxx (0.000000)
[T=911395000] Audio Out[124] = xxxx (0.000000)
[T=911575000] Audio Out[125] = xxxx (0.000000)
[T=911755000] Audio Out[126] = xxxx (0.000000)
[T=911935000] Audio Out[127] = xxxx (0.000000)
[T=912115000] Audio Out[128] = xxxx (0.000000)
[T=912295000] Audio Out[129] = xxxx (0.000000)
[T=912475000] Audio Out[130] = xxxx (0.000000)
[T=912655000] Audio Out[131] = xxxx (0.000000)
[T=912835000] Audio Out[132] = xxxx (0.000000)
[T=913015000] Audio Out[133] = xxxx (0.000000)
[T=913195000] Audio Out[134] = xxxx (0.000000)
[T=913375000] Audio Out[135] = xxxx (0.000000)
[T=913555000] Audio Out[136] = xxxx (0.000000)
[T=913735000] Audio Out[137] = xxxx (0.000000)
[T=913915000] Audio Out[138] = xxxx (0.000000)
[T=914095000] Audio Out[139] = xxxx (0.000000)
[T=914275000] Audio Out[140] = xxxx (0.000000)
[T=914455000] Audio Out[141] = xxxx (0.000000)
[T=914635000] Audio Out[142] = xxxx (0.000000)
[T=914815000] Audio Out[143] = xxxx (0.000000)
[T=914995000] Audio Out[144] = xxxx (0.000000)
[T=915175000] Audio Out[145] = xxxx (0.000000)
[T=915355000] Audio Out[146] = xxxx (0.000000)
[T=915535000] Audio Out[147] = xxxx (0.000000)
[T=915715000] Audio Out[148] = xxxx (0.000000)
[T=915895000] Audio Out[149] = xxxx (0.000000)
[T=916075000] Audio Out[150] = xxxx (0.000000)
[T=916255000] Audio Out[151] = xxxx (0.000000)
[T=916435000] Audio Out[152] = xxxx (0.000000)
[T=916615000] Audio Out[153] = xxxx (0.000000)
[T=916795000] Audio Out[154] = xxxx (0.000000)
[T=916975000] Audio Out[155] = xxxx (0.000000)
[T=917155000] Audio Out[156] = xxxx (0.000000)
[T=917335000] Audio Out[157] = xxxx (0.000000)
[T=917515000] Audio Out[158] = xxxx (0.000000)
[T=917695000] Audio Out[159] = xxxx (0.000000)
[T=917875000] Audio Out[160] = xxxx (0.000000)
[T=918055000] Audio Out[161] = xxxx (0.000000)
[T=918235000] Audio Out[162] = xxxx (0.000000)
[T=918415000] Audio Out[163] = xxxx (0.000000)
[T=918595000] Audio Out[164] = xxxx (0.000000)
[T=918775000] Audio Out[165] = xxxx (0.000000)
[T=918955000] Audio Out[166] = xxxx (0.000000)
[T=919135000] Audio Out[167] = xxxx (0.000000)
[T=919315000] Audio Out[168] = xxxx (0.000000)
[T=919495000] Audio Out[169] = xxxx (0.000000)
[T=919675000] Audio Out[170] = xxxx (0.000000)
[T=919855000] Audio Out[171] = xxxx (0.000000)
[T=920035000] Audio Out[172] = xxxx (0.000000)
[T=920215000] Audio Out[173] = xxxx (0.000000)
[T=920395000] Audio Out[174] = xxxx (0.000000)
[T=920575000] Audio Out[175] = xxxx (0.000000)
[T=920755000] Audio Out[176] = xxxx (0.000000)
[T=920935000] Audio Out[177] = xxxx (0.000000)
[T=921115000] Audio Out[178] = xxxx (0.000000)
[T=921295000] Audio Out[179] = xxxx (0.000000)
[T=921475000] Audio Out[180] = xxxx (0.000000)
[T=921655000] Audio Out[181] = xxxx (0.000000)
[T=921835000] Audio Out[182] = xxxx (0.000000)
[T=922015000] Audio Out[183] = xxxx (0.000000)
[T=922195000] Audio Out[184] = xxxx (0.000000)
[T=922375000] Audio Out[185] = xxxx (0.000000)
[T=922555000] Audio Out[186] = xxxx (0.000000)
[T=922735000] Audio Out[187] = xxxx (0.000000)
[T=922915000] Audio Out[188] = xxxx (0.000000)
[T=923095000] Audio Out[189] = xxxx (0.000000)
[T=923275000] Audio Out[190] = xxxx (0.000000)
[T=923455000] Audio Out[191] = xxxx (0.000000)
[T=923635000] Audio Out[192] = xxxx (0.000000)
[T=923815000] Audio Out[193] = xxxx (0.000000)
[T=923995000] Audio Out[194] = xxxx (0.000000)
[T=924175000] Audio Out[195] = xxxx (0.000000)
[T=924355000] Audio Out[196] = xxxx (0.000000)
[T=924535000] Audio Out[197] = xxxx (0.000000)
[T=924715000] Audio Out[198] = xxxx (0.000000)
[T=924895000] Audio Out[199] = xxxx (0.000000)
[T=925075000] Audio Out[200] = xxxx (0.000000)
[T=925255000] Audio Out[201] = xxxx (0.000000)
[T=925435000] Audio Out[202] = xxxx (0.000000)
[T=925615000] Audio Out[203] = xxxx (0.000000)
[T=925795000] Audio Out[204] = xxxx (0.000000)
[T=925975000] Audio Out[205] = xxxx (0.000000)
[T=926155000] Audio Out[206] = xxxx (0.000000)
[T=926335000] Audio Out[207] = xxxx (0.000000)
[T=926515000] Audio Out[208] = xxxx (0.000000)
[T=926695000] Audio Out[209] = xxxx (0.000000)
[T=926875000] Audio Out[210] = xxxx (0.000000)
[T=927055000] Audio Out[211] = xxxx (0.000000)
[T=927235000] Audio Out[212] = xxxx (0.000000)
[T=927415000] Audio Out[213] = xxxx (0.000000)
[T=927595000] Audio Out[214] = xxxx (0.000000)
[T=927775000] Audio Out[215] = xxxx (0.000000)
[T=927955000] Audio Out[216] = xxxx (0.000000)
[T=928135000] Audio Out[217] = xxxx (0.000000)
[T=928315000] Audio Out[218] = xxxx (0.000000)
[T=928495000] Audio Out[219] = xxxx (0.000000)
[T=928675000] Audio Out[220] = xxxx (0.000000)
[T=928855000] Audio Out[221] = xxxx (0.000000)
[T=929035000] Audio Out[222] = xxxx (0.000000)
[T=929215000] Audio Out[223] = xxxx (0.000000)
[T=929395000] Audio Out[224] = xxxx (0.000000)
[T=929575000] Audio Out[225] = xxxx (0.000000)
[T=929755000] Audio Out[226] = xxxx (0.000000)
[T=929935000] Audio Out[227] = xxxx (0.000000)
[T=930115000] Audio Out[228] = xxxx (0.000000)
[T=930295000] Audio Out[229] = xxxx (0.000000)
[T=930475000] Audio Out[230] = xxxx (0.000000)
[T=930655000] Audio Out[231] = xxxx (0.000000)
[T=930835000] Audio Out[232] = xxxx (0.000000)
[T=931015000] Audio Out[233] = xxxx (0.000000)
[T=931195000] Audio Out[234] = xxxx (0.000000)
[T=931375000] Audio Out[235] = xxxx (0.000000)
[T=931555000] Audio Out[236] = xxxx (0.000000)
[T=931735000] Audio Out[237] = xxxx (0.000000)
[T=931915000] Audio Out[238] = xxxx (0.000000)
[T=932095000] Audio Out[239] = xxxx (0.000000)
[T=932275000] Audio Out[240] = xxxx (0.000000)
[T=932455000] Audio Out[241] = xxxx (0.000000)
[T=932635000] Audio Out[242] = xxxx (0.000000)
[T=932815000] Audio Out[243] = xxxx (0.000000)
[T=932995000] Audio Out[244] = xxxx (0.000000)
[T=933175000] Audio Out[245] = xxxx (0.000000)
[T=933355000] Audio Out[246] = xxxx (0.000000)
[T=933535000] Audio Out[247] = xxxx (0.000000)
[T=933715000] Audio Out[248] = xxxx (0.000000)
[T=933895000] Audio Out[249] = xxxx (0.000000)
[T=934075000] Audio Out[250] = xxxx (0.000000)
[T=934255000] Audio Out[251] = xxxx (0.000000)
[T=934435000] Audio Out[252] = xxxx (0.000000)
[T=934615000] Audio Out[253] = xxxx (0.000000)
[T=934795000] Audio Out[254] = xxxx (0.000000)
[T=934975000] Audio Out[255] = xxxx (0.000000)
[TEST 4] Completed - 256 audio samples produced
[PERF] Cycles: 1, Samples: 256, Throughput: 256.000000 samples/cycle

========================================
Statistical Analysis
========================================
Mean Input:  0.757567
Mean Output: 0.000000
Avg |Diff|:  0.757567
Max |Diff|:  1.493408
========================================


[TEST 5] DC Offset (Residual Connection Test)

[TASK] Sending 256 generator output samples...
[TASK] Generator output transmission complete (256 samples)
[T=1122855000] Audio Out[0] = xxxx (0.000000)
[T=1123035000] Audio Out[1] = xxxx (0.000000)
[T=1123215000] Audio Out[2] = xxxx (0.000000)
[T=1123395000] Audio Out[3] = xxxx (0.000000)
[T=1123575000] Audio Out[4] = xxxx (0.000000)
[T=1123755000] Audio Out[5] = xxxx (0.000000)
[T=1123935000] Audio Out[6] = xxxx (0.000000)
[T=1124115000] Audio Out[7] = xxxx (0.000000)
[T=1124295000] Audio Out[8] = xxxx (0.000000)
[T=1124475000] Audio Out[9] = xxxx (0.000000)
[T=1124655000] Audio Out[10] = xxxx (0.000000)
[T=1124835000] Audio Out[11] = xxxx (0.000000)
[T=1125015000] Audio Out[12] = xxxx (0.000000)
[T=1125195000] Audio Out[13] = xxxx (0.000000)
[T=1125375000] Audio Out[14] = xxxx (0.000000)
[T=1125555000] Audio Out[15] = xxxx (0.000000)
[T=1125735000] Audio Out[16] = xxxx (0.000000)
[T=1125915000] Audio Out[17] = xxxx (0.000000)
[T=1126095000] Audio Out[18] = xxxx (0.000000)
[T=1126275000] Audio Out[19] = xxxx (0.000000)
[T=1126455000] Audio Out[20] = xxxx (0.000000)
[T=1126635000] Audio Out[21] = xxxx (0.000000)
[T=1126815000] Audio Out[22] = xxxx (0.000000)
[T=1126995000] Audio Out[23] = xxxx (0.000000)
[T=1127175000] Audio Out[24] = xxxx (0.000000)
[T=1127355000] Audio Out[25] = xxxx (0.000000)
[T=1127535000] Audio Out[26] = xxxx (0.000000)
[T=1127715000] Audio Out[27] = xxxx (0.000000)
[T=1127895000] Audio Out[28] = xxxx (0.000000)
[T=1128075000] Audio Out[29] = xxxx (0.000000)
[T=1128255000] Audio Out[30] = xxxx (0.000000)
[T=1128435000] Audio Out[31] = xxxx (0.000000)
[T=1128615000] Audio Out[32] = xxxx (0.000000)
[T=1128795000] Audio Out[33] = xxxx (0.000000)
[T=1128975000] Audio Out[34] = xxxx (0.000000)
[T=1129155000] Audio Out[35] = xxxx (0.000000)
[T=1129335000] Audio Out[36] = xxxx (0.000000)
[T=1129515000] Audio Out[37] = xxxx (0.000000)
[T=1129695000] Audio Out[38] = xxxx (0.000000)
[T=1129875000] Audio Out[39] = xxxx (0.000000)
[T=1130055000] Audio Out[40] = xxxx (0.000000)
[T=1130235000] Audio Out[41] = xxxx (0.000000)
[T=1130415000] Audio Out[42] = xxxx (0.000000)
[T=1130595000] Audio Out[43] = xxxx (0.000000)
[T=1130775000] Audio Out[44] = xxxx (0.000000)
[T=1130955000] Audio Out[45] = xxxx (0.000000)
[T=1131135000] Audio Out[46] = xxxx (0.000000)
[T=1131315000] Audio Out[47] = xxxx (0.000000)
[T=1131495000] Audio Out[48] = xxxx (0.000000)
[T=1131675000] Audio Out[49] = xxxx (0.000000)
[T=1131855000] Audio Out[50] = xxxx (0.000000)
[T=1132035000] Audio Out[51] = xxxx (0.000000)
[T=1132215000] Audio Out[52] = xxxx (0.000000)
[T=1132395000] Audio Out[53] = xxxx (0.000000)
[T=1132575000] Audio Out[54] = xxxx (0.000000)
[T=1132755000] Audio Out[55] = xxxx (0.000000)
[T=1132935000] Audio Out[56] = xxxx (0.000000)
[T=1133115000] Audio Out[57] = xxxx (0.000000)
[T=1133295000] Audio Out[58] = xxxx (0.000000)
[T=1133475000] Audio Out[59] = xxxx (0.000000)
[T=1133655000] Audio Out[60] = xxxx (0.000000)
[T=1133835000] Audio Out[61] = xxxx (0.000000)
[T=1134015000] Audio Out[62] = xxxx (0.000000)
[T=1134195000] Audio Out[63] = xxxx (0.000000)
[T=1134375000] Audio Out[64] = xxxx (0.000000)
[T=1134555000] Audio Out[65] = xxxx (0.000000)
[T=1134735000] Audio Out[66] = xxxx (0.000000)
[T=1134915000] Audio Out[67] = xxxx (0.000000)
[T=1135095000] Audio Out[68] = xxxx (0.000000)
[T=1135275000] Audio Out[69] = xxxx (0.000000)
[T=1135455000] Audio Out[70] = xxxx (0.000000)
[T=1135635000] Audio Out[71] = xxxx (0.000000)
[T=1135815000] Audio Out[72] = xxxx (0.000000)
[T=1135995000] Audio Out[73] = xxxx (0.000000)
[T=1136175000] Audio Out[74] = xxxx (0.000000)
[T=1136355000] Audio Out[75] = xxxx (0.000000)
[T=1136535000] Audio Out[76] = xxxx (0.000000)
[T=1136715000] Audio Out[77] = xxxx (0.000000)
[T=1136895000] Audio Out[78] = xxxx (0.000000)
[T=1137075000] Audio Out[79] = xxxx (0.000000)
[T=1137255000] Audio Out[80] = xxxx (0.000000)
[T=1137435000] Audio Out[81] = xxxx (0.000000)
[T=1137615000] Audio Out[82] = xxxx (0.000000)
[T=1137795000] Audio Out[83] = xxxx (0.000000)
[T=1137975000] Audio Out[84] = xxxx (0.000000)
[T=1138155000] Audio Out[85] = xxxx (0.000000)
[T=1138335000] Audio Out[86] = xxxx (0.000000)
[T=1138515000] Audio Out[87] = xxxx (0.000000)
[T=1138695000] Audio Out[88] = xxxx (0.000000)
[T=1138875000] Audio Out[89] = xxxx (0.000000)
[T=1139055000] Audio Out[90] = xxxx (0.000000)
[T=1139235000] Audio Out[91] = xxxx (0.000000)
[T=1139415000] Audio Out[92] = xxxx (0.000000)
[T=1139595000] Audio Out[93] = xxxx (0.000000)
[T=1139775000] Audio Out[94] = xxxx (0.000000)
[T=1139955000] Audio Out[95] = xxxx (0.000000)
[T=1140135000] Audio Out[96] = xxxx (0.000000)
[T=1140315000] Audio Out[97] = xxxx (0.000000)
[T=1140495000] Audio Out[98] = xxxx (0.000000)
[T=1140675000] Audio Out[99] = xxxx (0.000000)
[T=1140855000] Audio Out[100] = xxxx (0.000000)
[T=1141035000] Audio Out[101] = xxxx (0.000000)
[T=1141215000] Audio Out[102] = xxxx (0.000000)
[T=1141395000] Audio Out[103] = xxxx (0.000000)
[T=1141575000] Audio Out[104] = xxxx (0.000000)
[T=1141755000] Audio Out[105] = xxxx (0.000000)
[T=1141935000] Audio Out[106] = xxxx (0.000000)
[T=1142115000] Audio Out[107] = xxxx (0.000000)
[T=1142295000] Audio Out[108] = xxxx (0.000000)
[T=1142475000] Audio Out[109] = xxxx (0.000000)
[T=1142655000] Audio Out[110] = xxxx (0.000000)
[T=1142835000] Audio Out[111] = xxxx (0.000000)
[T=1143015000] Audio Out[112] = xxxx (0.000000)
[T=1143195000] Audio Out[113] = xxxx (0.000000)
[T=1143375000] Audio Out[114] = xxxx (0.000000)
[T=1143555000] Audio Out[115] = xxxx (0.000000)
[T=1143735000] Audio Out[116] = xxxx (0.000000)
[T=1143915000] Audio Out[117] = xxxx (0.000000)
[T=1144095000] Audio Out[118] = xxxx (0.000000)
[T=1144275000] Audio Out[119] = xxxx (0.000000)
[T=1144455000] Audio Out[120] = xxxx (0.000000)
[T=1144635000] Audio Out[121] = xxxx (0.000000)
[T=1144815000] Audio Out[122] = xxxx (0.000000)
[T=1144995000] Audio Out[123] = xxxx (0.000000)
[T=1145175000] Audio Out[124] = xxxx (0.000000)
[T=1145355000] Audio Out[125] = xxxx (0.000000)
[T=1145535000] Audio Out[126] = xxxx (0.000000)
[T=1145715000] Audio Out[127] = xxxx (0.000000)
[T=1145895000] Audio Out[128] = xxxx (0.000000)
[T=1146075000] Audio Out[129] = xxxx (0.000000)
[T=1146255000] Audio Out[130] = xxxx (0.000000)
[T=1146435000] Audio Out[131] = xxxx (0.000000)
[T=1146615000] Audio Out[132] = xxxx (0.000000)
[T=1146795000] Audio Out[133] = xxxx (0.000000)
[T=1146975000] Audio Out[134] = xxxx (0.000000)
[T=1147155000] Audio Out[135] = xxxx (0.000000)
[T=1147335000] Audio Out[136] = xxxx (0.000000)
[T=1147515000] Audio Out[137] = xxxx (0.000000)
[T=1147695000] Audio Out[138] = xxxx (0.000000)
[T=1147875000] Audio Out[139] = xxxx (0.000000)
[T=1148055000] Audio Out[140] = xxxx (0.000000)
[T=1148235000] Audio Out[141] = xxxx (0.000000)
[T=1148415000] Audio Out[142] = xxxx (0.000000)
[T=1148595000] Audio Out[143] = xxxx (0.000000)
[T=1148775000] Audio Out[144] = xxxx (0.000000)
[T=1148955000] Audio Out[145] = xxxx (0.000000)
[T=1149135000] Audio Out[146] = xxxx (0.000000)
[T=1149315000] Audio Out[147] = xxxx (0.000000)
[T=1149495000] Audio Out[148] = xxxx (0.000000)
[T=1149675000] Audio Out[149] = xxxx (0.000000)
[T=1149855000] Audio Out[150] = xxxx (0.000000)
[T=1150035000] Audio Out[151] = xxxx (0.000000)
[T=1150215000] Audio Out[152] = xxxx (0.000000)
[T=1150395000] Audio Out[153] = xxxx (0.000000)
[T=1150575000] Audio Out[154] = xxxx (0.000000)
[T=1150755000] Audio Out[155] = xxxx (0.000000)
[T=1150935000] Audio Out[156] = xxxx (0.000000)
[T=1151115000] Audio Out[157] = xxxx (0.000000)
[T=1151295000] Audio Out[158] = xxxx (0.000000)
[T=1151475000] Audio Out[159] = xxxx (0.000000)
[T=1151655000] Audio Out[160] = xxxx (0.000000)
[T=1151835000] Audio Out[161] = xxxx (0.000000)
[T=1152015000] Audio Out[162] = xxxx (0.000000)
[T=1152195000] Audio Out[163] = xxxx (0.000000)
[T=1152375000] Audio Out[164] = xxxx (0.000000)
[T=1152555000] Audio Out[165] = xxxx (0.000000)
[T=1152735000] Audio Out[166] = xxxx (0.000000)
[T=1152915000] Audio Out[167] = xxxx (0.000000)
[T=1153095000] Audio Out[168] = xxxx (0.000000)
[T=1153275000] Audio Out[169] = xxxx (0.000000)
[T=1153455000] Audio Out[170] = xxxx (0.000000)
[T=1153635000] Audio Out[171] = xxxx (0.000000)
[T=1153815000] Audio Out[172] = xxxx (0.000000)
[T=1153995000] Audio Out[173] = xxxx (0.000000)
[T=1154175000] Audio Out[174] = xxxx (0.000000)
[T=1154355000] Audio Out[175] = xxxx (0.000000)
[T=1154535000] Audio Out[176] = xxxx (0.000000)
[T=1154715000] Audio Out[177] = xxxx (0.000000)
[T=1154895000] Audio Out[178] = xxxx (0.000000)
[T=1155075000] Audio Out[179] = xxxx (0.000000)
[T=1155255000] Audio Out[180] = xxxx (0.000000)
[T=1155435000] Audio Out[181] = xxxx (0.000000)
[T=1155615000] Audio Out[182] = xxxx (0.000000)
[T=1155795000] Audio Out[183] = xxxx (0.000000)
[T=1155975000] Audio Out[184] = xxxx (0.000000)
[T=1156155000] Audio Out[185] = xxxx (0.000000)
[T=1156335000] Audio Out[186] = xxxx (0.000000)
[T=1156515000] Audio Out[187] = xxxx (0.000000)
[T=1156695000] Audio Out[188] = xxxx (0.000000)
[T=1156875000] Audio Out[189] = xxxx (0.000000)
[T=1157055000] Audio Out[190] = xxxx (0.000000)
[T=1157235000] Audio Out[191] = xxxx (0.000000)
[T=1157415000] Audio Out[192] = xxxx (0.000000)
[T=1157595000] Audio Out[193] = xxxx (0.000000)
[T=1157775000] Audio Out[194] = xxxx (0.000000)
[T=1157955000] Audio Out[195] = xxxx (0.000000)
[T=1158135000] Audio Out[196] = xxxx (0.000000)
[T=1158315000] Audio Out[197] = xxxx (0.000000)
[T=1158495000] Audio Out[198] = xxxx (0.000000)
[T=1158675000] Audio Out[199] = xxxx (0.000000)
[T=1158855000] Audio Out[200] = xxxx (0.000000)
[T=1159035000] Audio Out[201] = xxxx (0.000000)
[T=1159215000] Audio Out[202] = xxxx (0.000000)
[T=1159395000] Audio Out[203] = xxxx (0.000000)
[T=1159575000] Audio Out[204] = xxxx (0.000000)
[T=1159755000] Audio Out[205] = xxxx (0.000000)
[T=1159935000] Audio Out[206] = xxxx (0.000000)
[T=1160115000] Audio Out[207] = xxxx (0.000000)
[T=1160295000] Audio Out[208] = xxxx (0.000000)
[T=1160475000] Audio Out[209] = xxxx (0.000000)
[T=1160655000] Audio Out[210] = xxxx (0.000000)
[T=1160835000] Audio Out[211] = xxxx (0.000000)
[T=1161015000] Audio Out[212] = xxxx (0.000000)
[T=1161195000] Audio Out[213] = xxxx (0.000000)
[T=1161375000] Audio Out[214] = xxxx (0.000000)
[T=1161555000] Audio Out[215] = xxxx (0.000000)
[T=1161735000] Audio Out[216] = xxxx (0.000000)
[T=1161915000] Audio Out[217] = xxxx (0.000000)
[T=1162095000] Audio Out[218] = xxxx (0.000000)
[T=1162275000] Audio Out[219] = xxxx (0.000000)
[T=1162455000] Audio Out[220] = xxxx (0.000000)
[T=1162635000] Audio Out[221] = xxxx (0.000000)
[T=1162815000] Audio Out[222] = xxxx (0.000000)
[T=1162995000] Audio Out[223] = xxxx (0.000000)
[T=1163175000] Audio Out[224] = xxxx (0.000000)
[T=1163355000] Audio Out[225] = xxxx (0.000000)
[T=1163535000] Audio Out[226] = xxxx (0.000000)
[T=1163715000] Audio Out[227] = xxxx (0.000000)
[T=1163895000] Audio Out[228] = xxxx (0.000000)
[T=1164075000] Audio Out[229] = xxxx (0.000000)
[T=1164255000] Audio Out[230] = xxxx (0.000000)
[T=1164435000] Audio Out[231] = xxxx (0.000000)
[T=1164615000] Audio Out[232] = xxxx (0.000000)
[T=1164795000] Audio Out[233] = xxxx (0.000000)
[T=1164975000] Audio Out[234] = xxxx (0.000000)
[T=1165155000] Audio Out[235] = xxxx (0.000000)
[T=1165335000] Audio Out[236] = xxxx (0.000000)
[T=1165515000] Audio Out[237] = xxxx (0.000000)
[T=1165695000] Audio Out[238] = xxxx (0.000000)
[T=1165875000] Audio Out[239] = xxxx (0.000000)
[T=1166055000] Audio Out[240] = xxxx (0.000000)
[T=1166235000] Audio Out[241] = xxxx (0.000000)
[T=1166415000] Audio Out[242] = xxxx (0.000000)
[T=1166595000] Audio Out[243] = xxxx (0.000000)
[T=1166775000] Audio Out[244] = xxxx (0.000000)
[T=1166955000] Audio Out[245] = xxxx (0.000000)
[T=1167135000] Audio Out[246] = xxxx (0.000000)
[T=1167315000] Audio Out[247] = xxxx (0.000000)
[T=1167495000] Audio Out[248] = xxxx (0.000000)
[T=1167675000] Audio Out[249] = xxxx (0.000000)
[T=1167855000] Audio Out[250] = xxxx (0.000000)
[T=1168035000] Audio Out[251] = xxxx (0.000000)
[T=1168215000] Audio Out[252] = xxxx (0.000000)
[T=1168395000] Audio Out[253] = xxxx (0.000000)
[T=1168575000] Audio Out[254] = xxxx (0.000000)
[T=1168755000] Audio Out[255] = xxxx (0.000000)
[TEST 5] Completed - 256 audio samples produced
[PERF] Cycles: 1, Samples: 256, Throughput: 256.000000 samples/cycle

========================================
Statistical Analysis
========================================
Mean Input:  0.500000
Mean Output: 0.000000
Avg |Diff|:  0.500000
Max |Diff|:  0.500000
========================================

[WARNING] Large average difference may indicate residual path issue

========================================
PostNet Top Testbench Summary
========================================
Total Test Cases: 5
Total Errors: 0
STATUS: PASS
========================================

./postnet_top_tb.v:371: $finish called at 1169475000 (1ps)
